../Drivers/ECU/LCD/hal_lcd.c:28:16:lcd_4bit_intialize	24	static
../Drivers/ECU/LCD/hal_lcd.c:62:16:lcd_4bit_send_command	24	static
../Drivers/ECU/LCD/hal_lcd.c:88:16:lcd_4bit_clear_command	24	static
../Drivers/ECU/LCD/hal_lcd.c:106:16:lcd_4bit_send_char_data	24	static
../Drivers/ECU/LCD/hal_lcd.c:135:16:lcd_4bit_send_char_data_pos	24	static
../Drivers/ECU/LCD/hal_lcd.c:153:16:lcd_4bit_send_string	24	static
../Drivers/ECU/LCD/hal_lcd.c:174:16:lcd_4bit_send_string_pos	32	static
../Drivers/ECU/LCD/hal_lcd.c:194:16:lcd_4bit_send_uint32	40	static
../Drivers/ECU/LCD/hal_lcd.c:226:16:lcd_4bit_send_uint32_pos	32	static
../Drivers/ECU/LCD/hal_lcd.c:247:16:lcd_4bit_send_custom_char	32	static
../Drivers/ECU/LCD/hal_lcd.c:270:16:convert_uint32_to_string	32	static
../Drivers/ECU/LCD/hal_lcd.c:313:16:convert_string_to_uint32	24	static
../Drivers/ECU/LCD/hal_lcd.c:333:23:lcd_send_4bits	24	static
../Drivers/ECU/LCD/hal_lcd.c:347:23:lcd_4bit_send_enable_signal	24	static
../Drivers/ECU/LCD/hal_lcd.c:363:23:lcd_4bit_set_cursor	24	static
