Archive member included to satisfy reference by file (symbol)

C:/ST/STM32CubeIDE_1.13.1/STM32CubeIDE/plugins/com.st.stm32cube.ide.mcu.externaltools.gnu-tools-for-stm32.11.3.rel1.win32_1.1.0.202305231506/tools/bin/../lib/gcc/arm-none-eabi/11.3.1/../../../../arm-none-eabi/lib/thumb/v7e-m+fp/hard\libc_nano.a(libc_a-exit.o)
                              C:/ST/STM32CubeIDE_1.13.1/STM32CubeIDE/plugins/com.st.stm32cube.ide.mcu.externaltools.gnu-tools-for-stm32.11.3.rel1.win32_1.1.0.202305231506/tools/bin/../lib/gcc/arm-none-eabi/11.3.1/../../../../arm-none-eabi/lib/thumb/v7e-m+fp/hard/crt0.o (exit)
C:/ST/STM32CubeIDE_1.13.1/STM32CubeIDE/plugins/com.st.stm32cube.ide.mcu.externaltools.gnu-tools-for-stm32.11.3.rel1.win32_1.1.0.202305231506/tools/bin/../lib/gcc/arm-none-eabi/11.3.1/../../../../arm-none-eabi/lib/thumb/v7e-m+fp/hard\libc_nano.a(libc_a-nano-vfprintf_float.o)
                              (_printf_float)
C:/ST/STM32CubeIDE_1.13.1/STM32CubeIDE/plugins/com.st.stm32cube.ide.mcu.externaltools.gnu-tools-for-stm32.11.3.rel1.win32_1.1.0.202305231506/tools/bin/../lib/gcc/arm-none-eabi/11.3.1/../../../../arm-none-eabi/lib/thumb/v7e-m+fp/hard\libc_nano.a(libc_a-nano-vfprintf_i.o)
                              C:/ST/STM32CubeIDE_1.13.1/STM32CubeIDE/plugins/com.st.stm32cube.ide.mcu.externaltools.gnu-tools-for-stm32.11.3.rel1.win32_1.1.0.202305231506/tools/bin/../lib/gcc/arm-none-eabi/11.3.1/../../../../arm-none-eabi/lib/thumb/v7e-m+fp/hard\libc_nano.a(libc_a-nano-vfprintf_float.o) (_printf_common)
C:/ST/STM32CubeIDE_1.13.1/STM32CubeIDE/plugins/com.st.stm32cube.ide.mcu.externaltools.gnu-tools-for-stm32.11.3.rel1.win32_1.1.0.202305231506/tools/bin/../lib/gcc/arm-none-eabi/11.3.1/../../../../arm-none-eabi/lib/thumb/v7e-m+fp/hard\libc_nano.a(libc_a-findfp.o)
                              ./Middlewares/Third_Party/FreeRTOS/Source/tasks.o (__sf)
C:/ST/STM32CubeIDE_1.13.1/STM32CubeIDE/plugins/com.st.stm32cube.ide.mcu.externaltools.gnu-tools-for-stm32.11.3.rel1.win32_1.1.0.202305231506/tools/bin/../lib/gcc/arm-none-eabi/11.3.1/../../../../arm-none-eabi/lib/thumb/v7e-m+fp/hard\libc_nano.a(libc_a-fwalk.o)
                              C:/ST/STM32CubeIDE_1.13.1/STM32CubeIDE/plugins/com.st.stm32cube.ide.mcu.externaltools.gnu-tools-for-stm32.11.3.rel1.win32_1.1.0.202305231506/tools/bin/../lib/gcc/arm-none-eabi/11.3.1/../../../../arm-none-eabi/lib/thumb/v7e-m+fp/hard\libc_nano.a(libc_a-findfp.o) (_fwalk_sglue)
C:/ST/STM32CubeIDE_1.13.1/STM32CubeIDE/plugins/com.st.stm32cube.ide.mcu.externaltools.gnu-tools-for-stm32.11.3.rel1.win32_1.1.0.202305231506/tools/bin/../lib/gcc/arm-none-eabi/11.3.1/../../../../arm-none-eabi/lib/thumb/v7e-m+fp/hard\libc_nano.a(libc_a-printf.o)
                              ./Core/Src/freertos.o (printf)
C:/ST/STM32CubeIDE_1.13.1/STM32CubeIDE/plugins/com.st.stm32cube.ide.mcu.externaltools.gnu-tools-for-stm32.11.3.rel1.win32_1.1.0.202305231506/tools/bin/../lib/gcc/arm-none-eabi/11.3.1/../../../../arm-none-eabi/lib/thumb/v7e-m+fp/hard\libc_nano.a(libc_a-puts.o)
                              ./Core/Src/freertos.o (puts)
C:/ST/STM32CubeIDE_1.13.1/STM32CubeIDE/plugins/com.st.stm32cube.ide.mcu.externaltools.gnu-tools-for-stm32.11.3.rel1.win32_1.1.0.202305231506/tools/bin/../lib/gcc/arm-none-eabi/11.3.1/../../../../arm-none-eabi/lib/thumb/v7e-m+fp/hard\libc_nano.a(libc_a-stdio.o)
                              C:/ST/STM32CubeIDE_1.13.1/STM32CubeIDE/plugins/com.st.stm32cube.ide.mcu.externaltools.gnu-tools-for-stm32.11.3.rel1.win32_1.1.0.202305231506/tools/bin/../lib/gcc/arm-none-eabi/11.3.1/../../../../arm-none-eabi/lib/thumb/v7e-m+fp/hard\libc_nano.a(libc_a-findfp.o) (__sread)
C:/ST/STM32CubeIDE_1.13.1/STM32CubeIDE/plugins/com.st.stm32cube.ide.mcu.externaltools.gnu-tools-for-stm32.11.3.rel1.win32_1.1.0.202305231506/tools/bin/../lib/gcc/arm-none-eabi/11.3.1/../../../../arm-none-eabi/lib/thumb/v7e-m+fp/hard\libc_nano.a(libc_a-wbuf.o)
                              C:/ST/STM32CubeIDE_1.13.1/STM32CubeIDE/plugins/com.st.stm32cube.ide.mcu.externaltools.gnu-tools-for-stm32.11.3.rel1.win32_1.1.0.202305231506/tools/bin/../lib/gcc/arm-none-eabi/11.3.1/../../../../arm-none-eabi/lib/thumb/v7e-m+fp/hard\libc_nano.a(libc_a-puts.o) (__swbuf_r)
C:/ST/STM32CubeIDE_1.13.1/STM32CubeIDE/plugins/com.st.stm32cube.ide.mcu.externaltools.gnu-tools-for-stm32.11.3.rel1.win32_1.1.0.202305231506/tools/bin/../lib/gcc/arm-none-eabi/11.3.1/../../../../arm-none-eabi/lib/thumb/v7e-m+fp/hard\libc_nano.a(libc_a-wsetup.o)
                              C:/ST/STM32CubeIDE_1.13.1/STM32CubeIDE/plugins/com.st.stm32cube.ide.mcu.externaltools.gnu-tools-for-stm32.11.3.rel1.win32_1.1.0.202305231506/tools/bin/../lib/gcc/arm-none-eabi/11.3.1/../../../../arm-none-eabi/lib/thumb/v7e-m+fp/hard\libc_nano.a(libc_a-puts.o) (__swsetup_r)
[...]
Memory Configuration

Name             Origin             Length             Attributes
CCMRAM           0x0000000010000000 0x0000000000004000 xrw
RAM              0x0000000020000000 0x0000000000010000 xrw
FLASH            0x0000000008000000 0x0000000000080000 xr
*default*        0x0000000000000000 0xffffffffffffffff

Linker script and memory map

LOAD C:/ST/STM32CubeIDE_1.13.1/STM32CubeIDE/plugins/com.st.stm32cube.ide.mcu.externaltools.gnu-tools-for-stm32.11.3.rel1.win32_1.1.0.202305231506/tools/bin/../lib/gcc/arm-none-eabi/11.3.1/thumb/v7e-m+fp/hard/crti.o
LOAD C:/ST/STM32CubeIDE_1.13.1/STM32CubeIDE/plugins/com.st.stm32cube.ide.mcu.externaltools.gnu-tools-for-stm32.11.3.rel1.win32_1.1.0.202305231506/tools/bin/../lib/gcc/arm-none-eabi/11.3.1/thumb/v7e-m+fp/hard/crtbegin.o
LOAD C:/ST/STM32CubeIDE_1.13.1/STM32CubeIDE/plugins/com.st.stm32cube.ide.mcu.externaltools.gnu-tools-for-stm32.11.3.rel1.win32_1.1.0.202305231506/tools/bin/../lib/gcc/arm-none-eabi/11.3.1/../../../../arm-none-eabi/lib/thumb/v7e-m+fp/hard/crt0.o
LOAD ./Core/Src/freertos.o
LOAD ./Core/Src/gpio.o
LOAD ./Core/Src/main.o
LOAD ./Core/Src/stm32f3xx_hal_msp.o
LOAD ./Core/Src/stm32f3xx_hal_timebase_tim.o
LOAD ./Core/Src/stm32f3xx_it.o
LOAD ./Core/Src/syscalls.o
LOAD ./Core/Src/sysmem.o
LOAD ./Core/Src/system_stm32f3xx.o
LOAD ./Core/Src/tim.o
LOAD ./Core/Src/usart.o
LOAD ./Core/Startup/startup_stm32f303retx.o
LOAD ./Drivers/ECU/Bluetooth/bluetooth.o
LOAD ./Drivers/ECU/Busser/busser.o
LOAD ./Drivers/ECU/IR/ecu_ir.o
LOAD ./Drivers/ECU/LCD/hal_lcd.o
LOAD ./Drivers/ECU/Motor/ecu_motor.o
LOAD ./Drivers/ECU/Ultrasonic/ultrasonic.o
LOAD ./Drivers/MCAL/EXT1/ext1.o
LOAD ./Drivers/MCAL/GPIO/mcal_gpio.o
LOAD ./Drivers/MCAL/NVIC/nvic.o
LOAD ./Drivers/MCAL/RCC/mcal_rcc.o
LOAD ./Drivers/MCAL/SysTick/systick.o
LOAD ./Drivers/STM32F3xx_HAL_Driver/Src/stm32f3xx_hal.o
LOAD ./Drivers/STM32F3xx_HAL_Driver/Src/stm32f3xx_hal_cortex.o
LOAD ./Drivers/STM32F3xx_HAL_Driver/Src/stm32f3xx_hal_dma.o
LOAD ./Drivers/STM32F3xx_HAL_Driver/Src/stm32f3xx_hal_exti.o
LOAD ./Drivers/STM32F3xx_HAL_Driver/Src/stm32f3xx_hal_flash.o
LOAD ./Drivers/STM32F3xx_HAL_Driver/Src/stm32f3xx_hal_flash_ex.o
LOAD ./Drivers/STM32F3xx_HAL_Driver/Src/stm32f3xx_hal_gpio.o
LOAD ./Drivers/STM32F3xx_HAL_Driver/Src/stm32f3xx_hal_i2c.o
LOAD ./Drivers/STM32F3xx_HAL_Driver/Src/stm32f3xx_hal_i2c_ex.o
LOAD ./Drivers/STM32F3xx_HAL_Driver/Src/stm32f3xx_hal_pwr.o
LOAD ./Drivers/STM32F3xx_HAL_Driver/Src/stm32f3xx_hal_pwr_ex.o
LOAD ./Drivers/STM32F3xx_HAL_Driver/Src/stm32f3xx_hal_rcc.o
LOAD ./Drivers/STM32F3xx_HAL_Driver/Src/stm32f3xx_hal_rcc_ex.o
LOAD ./Drivers/STM32F3xx_HAL_Driver/Src/stm32f3xx_hal_tim.o
LOAD ./Drivers/STM32F3xx_HAL_Driver/Src/stm32f3xx_hal_tim_ex.o
LOAD ./Drivers/STM32F3xx_HAL_Driver/Src/stm32f3xx_hal_uart.o
LOAD ./Drivers/STM32F3xx_HAL_Driver/Src/stm32f3xx_hal_uart_ex.o
LOAD ./Middlewares/Third_Party/FreeRTOS/Source/CMSIS_RTOS_V2/cmsis_os2.o
LOAD ./Middlewares/Third_Party/FreeRTOS/Source/croutine.o
LOAD ./Middlewares/Third_Party/FreeRTOS/Source/event_groups.o
LOAD ./Middlewares/Third_Party/FreeRTOS/Source/list.o
LOAD ./Middlewares/Third_Party/FreeRTOS/Source/queue.o
LOAD ./Middlewares/Third_Party/FreeRTOS/Source/stream_buffer.o
LOAD ./Middlewares/Third_Party/FreeRTOS/Source/tasks.o
LOAD ./Middlewares/Third_Party/FreeRTOS/Source/timers.o
LOAD ./Middlewares/Third_Party/FreeRTOS/Source/portable/GCC/ARM_CM4F/port.o
LOAD ./Middlewares/Third_Party/FreeRTOS/Source/portable/MemMang/heap_4.o
START GROUP
LOAD C:/ST/STM32CubeIDE_1.13.1/STM32CubeIDE/plugins/com.st.stm32cube.ide.mcu.externaltools.gnu-tools-for-stm32.11.3.rel1.win32_1.1.0.202305231506/tools/bin/../lib/gcc/arm-none-eabi/11.3.1/../../../../arm-none-eabi/lib/thumb/v7e-m+fp/hard\libc_nano.a
LOAD C:/ST/STM32CubeIDE_1.13.1/STM32CubeIDE/plugins/com.st.stm32cube.ide.mcu.externaltools.gnu-tools-for-stm32.11.3.rel1.win32_1.1.0.202305231506/tools/bin/../lib/gcc/arm-none-eabi/11.3.1/../../../../arm-none-eabi/lib/thumb/v7e-m+fp/hard\libm.a
END GROUP
START GROUP
LOAD C:/ST/STM32CubeIDE_1.13.1/STM32CubeIDE/plugins/com.st.stm32cube.ide.mcu.externaltools.gnu-tools-for-stm32.11.3.rel1.win32_1.1.0.202305231506/tools/bin/../lib/gcc/arm-none-eabi/11.3.1/thumb/v7e-m+fp/hard\libgcc.a
LOAD C:/ST/STM32CubeIDE_1.13.1/STM32CubeIDE/plugins/com.st.stm32cube.ide.mcu.externaltools.gnu-tools-for-stm32.11.3.rel1.win32_1.1.0.202305231506/tools/bin/../lib/gcc/arm-none-eabi/11.3.1/../../../../arm-none-eabi/lib/thumb/v7e-m+fp/hard\libc_nano.a
END GROUP
START GROUP
LOAD C:/ST/STM32CubeIDE_1.13.1/STM32CubeIDE/plugins/com.st.stm32cube.ide.mcu.externaltools.gnu-tools-for-stm32.11.3.rel1.win32_1.1.0.202305231506/tools/bin/../lib/gcc/arm-none-eabi/11.3.1/thumb/v7e-m+fp/hard\libgcc.a
LOAD C:/ST/STM32CubeIDE_1.13.1/STM32CubeIDE/plugins/com.st.stm32cube.ide.mcu.externaltools.gnu-tools-for-stm32.11.3.rel1.win32_1.1.0.202305231506/tools/bin/../lib/gcc/arm-none-eabi/11.3.1/../../../../arm-none-eabi/lib/thumb/v7e-m+fp/hard\libc_nano.a
LOAD C:/ST/STM32CubeIDE_1.13.1/STM32CubeIDE/plugins/com.st.stm32cube.ide.mcu.externaltools.gnu-tools-for-stm32.11.3.rel1.win32_1.1.0.202305231506/tools/bin/../lib/gcc/arm-none-eabi/11.3.1/../../../../arm-none-eabi/lib/thumb/v7e-m+fp/hard\libnosys.a
END GROUP
START GROUP
LOAD C:/ST/STM32CubeIDE_1.13.1/STM32CubeIDE/plugins/com.st.stm32cube.ide.mcu.externaltools.gnu-tools-for-stm32.11.3.rel1.win32_1.1.0.202305231506/tools/bin/../lib/gcc/arm-none-eabi/11.3.1/thumb/v7e-m+fp/hard\libgcc.a
LOAD C:/ST/STM32CubeIDE_1.13.1/STM32CubeIDE/plugins/com.st.stm32cube.ide.mcu.externaltools.gnu-tools-for-stm32.11.3.rel1.win32_1.1.0.202305231506/tools/bin/../lib/gcc/arm-none-eabi/11.3.1/../../../../arm-none-eabi/lib/thumb/v7e-m+fp/hard\libc_nano.a
LOAD C:/ST/STM32CubeIDE_1.13.1/STM32CubeIDE/plugins/com.st.stm32cube.ide.mcu.externaltools.gnu-tools-for-stm32.11.3.rel1.win32_1.1.0.202305231506/tools/bin/../lib/gcc/arm-none-eabi/11.3.1/../../../../arm-none-eabi/lib/thumb/v7e-m+fp/hard\libnosys.a
END GROUP
LOAD C:/ST/STM32CubeIDE_1.13.1/STM32CubeIDE/plugins/com.st.stm32cube.ide.mcu.externaltools.gnu-tools-for-stm32.11.3.rel1.win32_1.1.0.202305231506/tools/bin/../lib/gcc/arm-none-eabi/11.3.1/thumb/v7e-m+fp/hard/crtend.o
LOAD C:/ST/STM32CubeIDE_1.13.1/STM32CubeIDE/plugins/com.st.stm32cube.ide.mcu.externaltools.gnu-tools-for-stm32.11.3.rel1.win32_1.1.0.202305231506/tools/bin/../lib/gcc/arm-none-eabi/11.3.1/thumb/v7e-m+fp/hard/crtn.o
                0x0000000020010000                _estack = (ORIGIN (RAM) + LENGTH (RAM))
                0x0000000000000200                _Min_Heap_Size = 0x200
                0x0000000000000400                _Min_Stack_Size = 0x400

.isr_vector     0x0000000008000000      0x194
                0x0000000008000000                . = ALIGN (0x4)
 *(.isr_vector)
 .isr_vector    0x0000000008000000      0x194 ./Core/Startup/startup_stm32f303retx.o
                0x0000000008000000                g_pfnVectors
                0x0000000008000194                . = ALIGN (0x4)

.text           0x00000000080001a0     0xed5c
                0x00000000080001a0                . = ALIGN (0x4)
 *(.text)
 .text          0x00000000080001a0       0x40 C:/ST/STM32CubeIDE_1.13.1/STM32CubeIDE/plugins/com.st.stm32cube.ide.mcu.externaltools.gnu-tools-for-stm32.11.3.rel1.win32_1.1.0.202305231506/tools/bin/../lib/gcc/arm-none-eabi/11.3.1/thumb/v7e-m+fp/hard/crtbegin.o
 .text          0x00000000080001e0       0xa0 C:/ST/STM32CubeIDE_1.13.1/STM32CubeIDE/plugins/com.st.stm32cube.ide.mcu.externaltools.gnu-tools-for-stm32.11.3.rel1.win32_1.1.0.202305231506/tools/bin/../lib/gcc/arm-none-eabi/11.3.1/../../../../arm-none-eabi/lib/thumb/v7e-m+fp/hard\libc_nano.a(libc_a-memchr.o)
                0x00000000080001e0                memchr
 .text          0x0000000008000280       0x10 C:/ST/STM32CubeIDE_1.13.1/STM32CubeIDE/plugins/com.st.stm32cube.ide.mcu.externaltools.gnu-tools-for-stm32.11.3.rel1.win32_1.1.0.202305231506/tools/bin/../lib/gcc/arm-none-eabi/11.3.1/../../../../arm-none-eabi/lib/thumb/v7e-m+fp/hard\libc_nano.a(libc_a-strlen.o)
                0x0000000008000280                strlen
 .text          0x0000000008000290      0x378 C:/ST/STM32CubeIDE_1.13.1/STM32CubeIDE/plugins/com.st.stm32cube.ide.mcu.externaltools.gnu-tools-for-stm32.11.3.rel1.win32_1.1.0.202305231506/tools/bin/../lib/gcc/arm-none-eabi/11.3.1/thumb/v7e-m+fp/hard\libgcc.a(_arm_addsubdf3.o)
                0x0000000008000290                __aeabi_drsub
                0x0000000008000298                __aeabi_dsub
                0x0000000008000298                __subdf3
                0x000000000800029c                __aeabi_dadd
                0x000000000800029c                __adddf3
                0x0000000008000514                __floatunsidf
                0x0000000008000514                __aeabi_ui2d
                0x0000000008000534                __floatsidf
                0x0000000008000534                __aeabi_i2d
                0x0000000008000558                __aeabi_f2d
                0x0000000008000558                __extendsfdf2
                0x000000000800059c                __floatundidf
                0x000000000800059c                __aeabi_ul2d
                0x00000000080005ac                __floatdidf
                0x00000000080005ac                __aeabi_l2d
 .text          0x0000000008000608      0x424 C:/ST/STM32CubeIDE_1.13.1/STM32CubeIDE/plugins/com.st.stm32cube.ide.mcu.externaltools.gnu-tools-for-stm32.11.3.rel1.win32_1.1.0.202305231506/tools/bin/../lib/gcc/arm-none-eabi/11.3.1/thumb/v7e-m+fp/hard\libgcc.a(_arm_muldivdf3.o)
                0x0000000008000608                __aeabi_dmul
                0x0000000008000608                __muldf3
                0x000000000800085c                __divdf3
                0x000000000800085c                __aeabi_ddiv
 .text          0x0000000008000a2c      0x110 C:/ST/STM32CubeIDE_1.13.1/STM32CubeIDE/plugins/com.st.stm32cube.ide.mcu.externaltools.gnu-tools-for-stm32.11.3.rel1.win32_1.1.0.202305231506/tools/bin/../lib/gcc/arm-none-eabi/11.3.1/thumb/v7e-m+fp/hard\libgcc.a(_arm_cmpdf2.o)
                0x0000000008000a2c                __gtdf2
                0x0000000008000a2c                __gedf2
                0x0000000008000a34                __ltdf2
                0x0000000008000a34                __ledf2
                0x0000000008000a3c                __nedf2
                0x0000000008000a3c                __eqdf2
                0x0000000008000a3c                __cmpdf2
                0x0000000008000ab8                __aeabi_cdrcmple
                0x0000000008000ac8                __aeabi_cdcmpeq
                0x0000000008000ac8                __aeabi_cdcmple
                0x0000000008000ad8                __aeabi_dcmpeq
                0x0000000008000aec                __aeabi_dcmplt
                0x0000000008000b00                __aeabi_dcmple
                0x0000000008000b14                __aeabi_dcmpge
                0x0000000008000b28                __aeabi_dcmpgt
 .text          0x0000000008000b3c       0x2c C:/ST/STM32CubeIDE_1.13.1/STM32CubeIDE/plugins/com.st.stm32cube.ide.mcu.externaltools.gnu-tools-for-stm32.11.3.rel1.win32_1.1.0.202305231506/tools/bin/../lib/gcc/arm-none-eabi/11.3.1/thumb/v7e-m+fp/hard\libgcc.a(_arm_unorddf2.o)
                0x0000000008000b3c                __unorddf2
                0x0000000008000b3c                __aeabi_dcmpun
 .text          0x0000000008000b68       0x50 C:/ST/STM32CubeIDE_1.13.1/STM32CubeIDE/plugins/com.st.stm32cube.ide.mcu.externaltools.gnu-tools-for-stm32.11.3.rel1.win32_1.1.0.202305231506/tools/bin/../lib/gcc/arm-none-eabi/11.3.1/thumb/v7e-m+fp/hard\libgcc.a(_arm_fixdfsi.o)
                0x0000000008000b68                __aeabi_d2iz
                0x0000000008000b68                __fixdfsi
 .text          0x0000000008000bb8       0x40 C:/ST/STM32CubeIDE_1.13.1/STM32CubeIDE/plugins/com.st.stm32cube.ide.mcu.externaltools.gnu-tools-for-stm32.11.3.rel1.win32_1.1.0.202305231506/tools/bin/../lib/gcc/arm-none-eabi/11.3.1/thumb/v7e-m+fp/hard\libgcc.a(_arm_fixunsdfsi.o)
                0x0000000008000bb8                __aeabi_d2uiz
                0x0000000008000bb8                __fixunsdfsi
 *(.text*)
 .text.MX_FREERTOS_Init
                0x0000000008000bf8       0xb4 ./Core/Src/freertos.o
                0x0000000008000bf8                MX_FREERTOS_Init
 .text.DefaultTask
                0x0000000008000cac       0x40 ./Core/Src/freertos.o
                0x0000000008000cac                DefaultTask
 .text.RTOS_Ultrasonics_Read
                0x0000000008000cec      0x110 ./Core/Src/freertos.o
                0x0000000008000cec                RTOS_Ultrasonics_Read
 .text.RTOS_Car_Next_Step
                0x0000000008000dfc       0xac ./Core/Src/freertos.o
                0x0000000008000dfc                RTOS_Car_Next_Step
 .text.RTOS_Automatic_Parking
                0x0000000008000ea8      0x620 ./Core/Src/freertos.o
                0x0000000008000ea8                RTOS_Automatic_Parking
 .text.MX_GPIO_Init
                0x00000000080014c8      0x164 ./Core/Src/gpio.o
                0x00000000080014c8                MX_GPIO_Init
 .text.main     0x000000000800162c       0x46 ./Core/Src/main.o
                0x000000000800162c                main
 *fill*         0x0000000008001672        0x2 
 .text.SystemClock_Config
                0x0000000008001674       0xc8 ./Core/Src/main.o
                0x0000000008001674                SystemClock_Config
 .text.HAL_TIM_PeriodElapsedCallback
                0x000000000800173c       0x24 ./Core/Src/main.o
                0x000000000800173c                HAL_TIM_PeriodElapsedCallback
 .text.Error_Handler
                0x0000000008001760        0xa ./Core/Src/main.o
                0x0000000008001760                Error_Handler
 *fill*         0x000000000800176a        0x2 
 .text.HAL_MspInit
                0x000000000800176c       0x50 ./Core/Src/stm32f3xx_hal_msp.o
                0x000000000800176c                HAL_MspInit
 .text.HAL_InitTick
                0x00000000080017bc       0xf4 ./Core/Src/stm32f3xx_hal_timebase_tim.o
                0x00000000080017bc                HAL_InitTick
 .text.NMI_Handler
                0x00000000080018b0        0x6 ./Core/Src/stm32f3xx_it.o
                0x00000000080018b0                NMI_Handler
 .text.HardFault_Handler
                0x00000000080018b6        0x6 ./Core/Src/stm32f3xx_it.o
                0x00000000080018b6                HardFault_Handler
 .text.MemManage_Handler
                0x00000000080018bc        0x6 ./Core/Src/stm32f3xx_it.o
                0x00000000080018bc                MemManage_Handler
 .text.BusFault_Handler
                0x00000000080018c2        0x6 ./Core/Src/stm32f3xx_it.o
                0x00000000080018c2                BusFault_Handler
 .text.UsageFault_Handler
                0x00000000080018c8        0x6 ./Core/Src/stm32f3xx_it.o
                0x00000000080018c8                UsageFault_Handler
 .text.DebugMon_Handler
                0x00000000080018ce        0xe ./Core/Src/stm32f3xx_it.o
                0x00000000080018ce                DebugMon_Handler
 .text.TIM1_BRK_TIM15_IRQHandler
                0x00000000080018dc       0x28 ./Core/Src/stm32f3xx_it.o
                0x00000000080018dc                TIM1_BRK_TIM15_IRQHandler
 .text.TIM1_CC_IRQHandler
                0x0000000008001904       0x1c ./Core/Src/stm32f3xx_it.o
                0x0000000008001904                TIM1_CC_IRQHandler
 .text.TIM2_IRQHandler
                0x0000000008001920       0x1c ./Core/Src/stm32f3xx_it.o
                0x0000000008001920                TIM2_IRQHandler
 .text.TIM3_IRQHandler
                0x000000000800193c       0x1c ./Core/Src/stm32f3xx_it.o
                0x000000000800193c                TIM3_IRQHandler
 .text.TIM4_IRQHandler
                0x0000000008001958       0x1c ./Core/Src/stm32f3xx_it.o
                0x0000000008001958                TIM4_IRQHandler
 .text.TIM8_CC_IRQHandler
                0x0000000008001974       0x1c ./Core/Src/stm32f3xx_it.o
                0x0000000008001974                TIM8_CC_IRQHandler
 .text.UART4_IRQHandler
                0x0000000008001990       0x14 ./Core/Src/stm32f3xx_it.o
                0x0000000008001990                UART4_IRQHandler
 .text.TIM6_DAC_IRQHandler
                0x00000000080019a4       0x14 ./Core/Src/stm32f3xx_it.o
                0x00000000080019a4                TIM6_DAC_IRQHandler
 .text.Custom_ITM_sendChar_Ch0
                0x00000000080019b8       0x50 ./Core/Src/syscalls.o
                0x00000000080019b8                Custom_ITM_sendChar_Ch0
 .text._getpid  0x0000000008001a08       0x10 ./Core/Src/syscalls.o
                0x0000000008001a08                _getpid
 .text._kill    0x0000000008001a18       0x20 ./Core/Src/syscalls.o
                0x0000000008001a18                _kill
 .text._exit    0x0000000008001a38       0x14 ./Core/Src/syscalls.o
                0x0000000008001a38                _exit
 .text._read    0x0000000008001a4c       0x3a ./Core/Src/syscalls.o
                0x0000000008001a4c                _read
 .text._write   0x0000000008001a86       0x38 ./Core/Src/syscalls.o
                0x0000000008001a86                _write
 .text._close   0x0000000008001abe       0x18 ./Core/Src/syscalls.o
                0x0000000008001abe                _close
 .text._fstat   0x0000000008001ad6       0x20 ./Core/Src/syscalls.o
                0x0000000008001ad6                _fstat
 .text._isatty  0x0000000008001af6       0x16 ./Core/Src/syscalls.o
                0x0000000008001af6                _isatty
 .text._lseek   0x0000000008001b0c       0x1a ./Core/Src/syscalls.o
                0x0000000008001b0c                _lseek
 *fill*         0x0000000008001b26        0x2 
 .text._sbrk    0x0000000008001b28       0x6c ./Core/Src/sysmem.o
                0x0000000008001b28                _sbrk
 .text.SystemInit
                0x0000000008001b94       0x24 ./Core/Src/system_stm32f3xx.o
                0x0000000008001b94                SystemInit
 .text.MX_TIM1_Init
                0x0000000008001bb8      0x1a0 ./Core/Src/tim.o
                0x0000000008001bb8                MX_TIM1_Init
 .text.MX_TIM2_Init
                0x0000000008001d58      0x134 ./Core/Src/tim.o
                0x0000000008001d58                MX_TIM2_Init
 .text.MX_TIM3_Init
                0x0000000008001e8c      0x138 ./Core/Src/tim.o
                0x0000000008001e8c                MX_TIM3_Init
 .text.MX_TIM4_Init
                0x0000000008001fc4      0x138 ./Core/Src/tim.o
                0x0000000008001fc4                MX_TIM4_Init
 .text.MX_TIM8_Init
                0x00000000080020fc      0x1a0 ./Core/Src/tim.o
                0x00000000080020fc                MX_TIM8_Init
 .text.MX_TIM15_Init
                0x000000000800229c      0x190 ./Core/Src/tim.o
                0x000000000800229c                MX_TIM15_Init
 .text.MX_TIM16_Init
                0x000000000800242c       0xf4 ./Core/Src/tim.o
                0x000000000800242c                MX_TIM16_Init
 .text.MX_TIM17_Init
                0x0000000008002520       0xf4 ./Core/Src/tim.o
                0x0000000008002520                MX_TIM17_Init
 .text.HAL_TIM_Base_MspInit
                0x0000000008002614      0x338 ./Core/Src/tim.o
                0x0000000008002614                HAL_TIM_Base_MspInit
 .text.HAL_TIM_MspPostInit
                0x000000000800294c      0x274 ./Core/Src/tim.o
                0x000000000800294c                HAL_TIM_MspPostInit
 .text.MX_UART4_Init
                0x0000000008002bc0       0x60 ./Core/Src/usart.o
                0x0000000008002bc0                MX_UART4_Init
 .text.MX_USART2_UART_Init
                0x0000000008002c20       0x60 ./Core/Src/usart.o
                0x0000000008002c20                MX_USART2_UART_Init
 .text.HAL_UART_MspInit
                0x0000000008002c80       0xfc ./Core/Src/usart.o
                0x0000000008002c80                HAL_UART_MspInit
 .text.Reset_Handler
                0x0000000008002d7c       0x50 ./Core/Startup/startup_stm32f303retx.o
                0x0000000008002d7c                Reset_Handler
 .text.Default_Handler
                0x0000000008002dcc        0x2 ./Core/Startup/startup_stm32f303retx.o
                0x0000000008002dcc                RTC_Alarm_IRQHandler
                0x0000000008002dcc                TIM8_TRG_COM_IRQHandler
                0x0000000008002dcc                SPI4_IRQHandler
                0x0000000008002dcc                USB_HP_IRQHandler
                0x0000000008002dcc                PVD_IRQHandler
                0x0000000008002dcc                TAMP_STAMP_IRQHandler
                0x0000000008002dcc                EXTI3_IRQHandler
                0x0000000008002dcc                I2C3_ER_IRQHandler
                0x0000000008002dcc                USB_HP_CAN_TX_IRQHandler
                0x0000000008002dcc                EXTI0_IRQHandler
                0x0000000008002dcc                I2C2_EV_IRQHandler
                0x0000000008002dcc                FPU_IRQHandler
                0x0000000008002dcc                TIM1_UP_TIM16_IRQHandler
                0x0000000008002dcc                ADC1_2_IRQHandler
                0x0000000008002dcc                SPI1_IRQHandler
                0x0000000008002dcc                CAN_SCE_IRQHandler
                0x0000000008002dcc                TIM8_UP_IRQHandler
                0x0000000008002dcc                DMA2_Channel2_IRQHandler
                0x0000000008002dcc                DMA1_Channel4_IRQHandler
                0x0000000008002dcc                TIM20_TRG_COM_IRQHandler
                0x0000000008002dcc                USART3_IRQHandler
                0x0000000008002dcc                DMA1_Channel7_IRQHandler
                0x0000000008002dcc                UART5_IRQHandler
                0x0000000008002dcc                ADC3_IRQHandler
                0x0000000008002dcc                CAN_RX1_IRQHandler
                0x0000000008002dcc                DMA2_Channel1_IRQHandler
                0x0000000008002dcc                I2C1_EV_IRQHandler
                0x0000000008002dcc                DMA1_Channel6_IRQHandler
                0x0000000008002dcc                DMA2_Channel4_IRQHandler
                0x0000000008002dcc                RCC_IRQHandler
                0x0000000008002dcc                TIM20_UP_IRQHandler
                0x0000000008002dcc                DMA1_Channel1_IRQHandler
                0x0000000008002dcc                Default_Handler
                0x0000000008002dcc                USBWakeUp_RMP_IRQHandler
                0x0000000008002dcc                EXTI15_10_IRQHandler
                0x0000000008002dcc                TIM7_IRQHandler
                0x0000000008002dcc                I2C3_EV_IRQHandler
                0x0000000008002dcc                EXTI9_5_IRQHandler
                0x0000000008002dcc                RTC_WKUP_IRQHandler
                0x0000000008002dcc                SPI2_IRQHandler
                0x0000000008002dcc                USB_LP_CAN_RX0_IRQHandler
                0x0000000008002dcc                DMA2_Channel5_IRQHandler
                0x0000000008002dcc                DMA1_Channel5_IRQHandler
                0x0000000008002dcc                USB_LP_IRQHandler
                0x0000000008002dcc                EXTI4_IRQHandler
                0x0000000008002dcc                TIM1_TRG_COM_TIM17_IRQHandler
                0x0000000008002dcc                DMA1_Channel3_IRQHandler
                0x0000000008002dcc                ADC4_IRQHandler
                0x0000000008002dcc                WWDG_IRQHandler
                0x0000000008002dcc                COMP7_IRQHandler
                0x0000000008002dcc                COMP1_2_3_IRQHandler
                0x0000000008002dcc                EXTI1_IRQHandler
                0x0000000008002dcc                USART2_IRQHandler
                0x0000000008002dcc                COMP4_5_6_IRQHandler
                0x0000000008002dcc                TIM20_BRK_IRQHandler
                0x0000000008002dcc                I2C2_ER_IRQHandler
                0x0000000008002dcc                DMA1_Channel2_IRQHandler
                0x0000000008002dcc                TIM8_BRK_IRQHandler
                0x0000000008002dcc                FLASH_IRQHandler
                0x0000000008002dcc                TIM20_CC_IRQHandler
                0x0000000008002dcc                USART1_IRQHandler
                0x0000000008002dcc                SPI3_IRQHandler
                0x0000000008002dcc                I2C1_ER_IRQHandler
                0x0000000008002dcc                FMC_IRQHandler
                0x0000000008002dcc                USBWakeUp_IRQHandler
                0x0000000008002dcc                DMA2_Channel3_IRQHandler
                0x0000000008002dcc                EXTI2_TSC_IRQHandler
 *fill*         0x0000000008002dce        0x2 
 .text.HAL_UART_RxCpltCallback
                0x0000000008002dd0       0xa4 ./Drivers/ECU/Bluetooth/bluetooth.o
                0x0000000008002dd0                HAL_UART_RxCpltCallback
 .text.ECU_Bluetooth_ReciveData
                0x0000000008002e74       0x34 ./Drivers/ECU/Bluetooth/bluetooth.o
                0x0000000008002e74                ECU_Bluetooth_ReciveData
 .text.ECU_Busser_GeneratePWM
                0x0000000008002ea8      0x120 ./Drivers/ECU/Busser/busser.o
                0x0000000008002ea8                ECU_Busser_GeneratePWM
 .text.ECU_Busser_StopPWM
                0x0000000008002fc8       0x2c ./Drivers/ECU/Busser/busser.o
                0x0000000008002fc8                ECU_Busser_StopPWM
 .text.ECU_Motor_GeneratePWM
                0x0000000008002ff4      0x120 ./Drivers/ECU/Motor/ecu_motor.o
                0x0000000008002ff4                ECU_Motor_GeneratePWM
 .text.ECU_Motor_StopPWM
                0x0000000008003114       0x2c ./Drivers/ECU/Motor/ecu_motor.o
                0x0000000008003114                ECU_Motor_StopPWM
 .text.ECU_Motor_ChangeSpeed
                0x0000000008003140       0x40 ./Drivers/ECU/Motor/ecu_motor.o
                0x0000000008003140                ECU_Motor_ChangeSpeed
 .text.ECU_Motor_NextStep
                0x0000000008003180      0x164 ./Drivers/ECU/Motor/ecu_motor.o
                0x0000000008003180                ECU_Motor_NextStep
 .text.ECU_Motor_MoveForward
                0x00000000080032e4       0x44 ./Drivers/ECU/Motor/ecu_motor.o
                0x00000000080032e4                ECU_Motor_MoveForward
 .text.ECU_Motor_MoveReverse
                0x0000000008003328       0x44 ./Drivers/ECU/Motor/ecu_motor.o
                0x0000000008003328                ECU_Motor_MoveReverse
 .text.ECU_Motor_MoveForwardRight
                0x000000000800336c       0x48 ./Drivers/ECU/Motor/ecu_motor.o
                0x000000000800336c                ECU_Motor_MoveForwardRight
 .text.ECU_Motor_MoveForwardLeft
                0x00000000080033b4       0x48 ./Drivers/ECU/Motor/ecu_motor.o
                0x00000000080033b4                ECU_Motor_MoveForwardLeft
 .text.ECU_Motor_MoveReverseRight
                0x00000000080033fc       0x48 ./Drivers/ECU/Motor/ecu_motor.o
                0x00000000080033fc                ECU_Motor_MoveReverseRight
 .text.ECU_Motor_MoveReverseLeft
                0x0000000008003444       0x48 ./Drivers/ECU/Motor/ecu_motor.o
                0x0000000008003444                ECU_Motor_MoveReverseLeft
 .text.ECU_Motor_Stop
                0x000000000800348c       0x48 ./Drivers/ECU/Motor/ecu_motor.o
                0x000000000800348c                ECU_Motor_Stop
 .text.ECU_Motor_MoveRight
                0x00000000080034d4       0x54 ./Drivers/ECU/Motor/ecu_motor.o
                0x00000000080034d4                ECU_Motor_MoveRight
 .text.ECU_Motor_MoveLeft
                0x0000000008003528       0x44 ./Drivers/ECU/Motor/ecu_motor.o
                0x0000000008003528                ECU_Motor_MoveLeft
 .text.HAL_TIM_IC_CaptureCallback
                0x000000000800356c       0xb8 ./Drivers/ECU/Ultrasonic/ultrasonic.o
                0x000000000800356c                HAL_TIM_IC_CaptureCallback
 .text.ECU_Ultrasonic_Read
                0x0000000008003624       0x40 ./Drivers/ECU/Ultrasonic/ultrasonic.o
                0x0000000008003624                ECU_Ultrasonic_Read
 .text.ECU_Ultrasonic_GenerateTrigger
                0x0000000008003664      0x110 ./Drivers/ECU/Ultrasonic/ultrasonic.o
 .text.IC_first_Capture
                0x0000000008003774       0x52 ./Drivers/ECU/Ultrasonic/ultrasonic.o
 *fill*         0x00000000080037c6        0x2 
 .text.IC_second_Capture
                0x00000000080037c8       0xbc ./Drivers/ECU/Ultrasonic/ultrasonic.o
 .text.HAL_Init
                0x0000000008003884       0x2c ./Drivers/STM32F3xx_HAL_Driver/Src/stm32f3xx_hal.o
                0x0000000008003884                HAL_Init
 .text.HAL_IncTick
                0x00000000080038b0       0x28 ./Drivers/STM32F3xx_HAL_Driver/Src/stm32f3xx_hal.o
                0x00000000080038b0                HAL_IncTick
 .text.HAL_GetTick
                0x00000000080038d8       0x18 ./Drivers/STM32F3xx_HAL_Driver/Src/stm32f3xx_hal.o
                0x00000000080038d8                HAL_GetTick
 .text.HAL_Delay
                0x00000000080038f0       0x48 ./Drivers/STM32F3xx_HAL_Driver/Src/stm32f3xx_hal.o
                0x00000000080038f0                HAL_Delay
 .text.__NVIC_SetPriorityGrouping
                0x0000000008003938       0x48 ./Drivers/STM32F3xx_HAL_Driver/Src/stm32f3xx_hal_cortex.o
 .text.__NVIC_GetPriorityGrouping
                0x0000000008003980       0x1c ./Drivers/STM32F3xx_HAL_Driver/Src/stm32f3xx_hal_cortex.o
 .text.__NVIC_EnableIRQ
                0x000000000800399c       0x3c ./Drivers/STM32F3xx_HAL_Driver/Src/stm32f3xx_hal_cortex.o
 .text.__NVIC_SetPriority
                0x00000000080039d8       0x54 ./Drivers/STM32F3xx_HAL_Driver/Src/stm32f3xx_hal_cortex.o
 .text.NVIC_EncodePriority
                0x0000000008003a2c       0x66 ./Drivers/STM32F3xx_HAL_Driver/Src/stm32f3xx_hal_cortex.o
 .text.HAL_NVIC_SetPriorityGrouping
                0x0000000008003a92       0x16 ./Drivers/STM32F3xx_HAL_Driver/Src/stm32f3xx_hal_cortex.o
                0x0000000008003a92                HAL_NVIC_SetPriorityGrouping
 .text.HAL_NVIC_SetPriority
                0x0000000008003aa8       0x38 ./Drivers/STM32F3xx_HAL_Driver/Src/stm32f3xx_hal_cortex.o
                0x0000000008003aa8                HAL_NVIC_SetPriority
 .text.HAL_NVIC_EnableIRQ
                0x0000000008003ae0       0x1c ./Drivers/STM32F3xx_HAL_Driver/Src/stm32f3xx_hal_cortex.o
                0x0000000008003ae0                HAL_NVIC_EnableIRQ
 .text.HAL_DMA_Abort
                0x0000000008003afc       0x72 ./Drivers/STM32F3xx_HAL_Driver/Src/stm32f3xx_hal_dma.o
                0x0000000008003afc                HAL_DMA_Abort
 .text.HAL_DMA_Abort_IT
                0x0000000008003b6e       0x7c ./Drivers/STM32F3xx_HAL_Driver/Src/stm32f3xx_hal_dma.o
                0x0000000008003b6e                HAL_DMA_Abort_IT
 *fill*         0x0000000008003bea        0x2 
 .text.HAL_GPIO_Init
                0x0000000008003bec      0x314 ./Drivers/STM32F3xx_HAL_Driver/Src/stm32f3xx_hal_gpio.o
                0x0000000008003bec                HAL_GPIO_Init
 .text.HAL_GPIO_WritePin
                0x0000000008003f00       0x30 ./Drivers/STM32F3xx_HAL_Driver/Src/stm32f3xx_hal_gpio.o
                0x0000000008003f00                HAL_GPIO_WritePin
 .text.HAL_RCC_OscConfig
                0x0000000008003f30     0x10a8 ./Drivers/STM32F3xx_HAL_Driver/Src/stm32f3xx_hal_rcc.o
                0x0000000008003f30                HAL_RCC_OscConfig
 .text.HAL_RCC_ClockConfig
                0x0000000008004fd8      0x2f8 ./Drivers/STM32F3xx_HAL_Driver/Src/stm32f3xx_hal_rcc.o
                0x0000000008004fd8                HAL_RCC_ClockConfig
 .text.HAL_RCC_GetSysClockFreq
                0x00000000080052d0       0xd4 ./Drivers/STM32F3xx_HAL_Driver/Src/stm32f3xx_hal_rcc.o
                0x00000000080052d0                HAL_RCC_GetSysClockFreq
 .text.HAL_RCC_GetHCLKFreq
                0x00000000080053a4       0x18 ./Drivers/STM32F3xx_HAL_Driver/Src/stm32f3xx_hal_rcc.o
                0x00000000080053a4                HAL_RCC_GetHCLKFreq
 .text.HAL_RCC_GetPCLK1Freq
                0x00000000080053bc       0x44 ./Drivers/STM32F3xx_HAL_Driver/Src/stm32f3xx_hal_rcc.o
                0x00000000080053bc                HAL_RCC_GetPCLK1Freq
 .text.HAL_RCC_GetPCLK2Freq
                0x0000000008005400       0x44 ./Drivers/STM32F3xx_HAL_Driver/Src/stm32f3xx_hal_rcc.o
                0x0000000008005400                HAL_RCC_GetPCLK2Freq
 .text.HAL_RCC_GetClockConfig
                0x0000000008005444       0x64 ./Drivers/STM32F3xx_HAL_Driver/Src/stm32f3xx_hal_rcc.o
                0x0000000008005444                HAL_RCC_GetClockConfig
 .text.HAL_RCCEx_PeriphCLKConfig
                0x00000000080054a8      0x43c ./Drivers/STM32F3xx_HAL_Driver/Src/stm32f3xx_hal_rcc_ex.o
                0x00000000080054a8                HAL_RCCEx_PeriphCLKConfig
 .text.HAL_TIM_Base_Init
                0x00000000080058e4       0xae ./Drivers/STM32F3xx_HAL_Driver/Src/stm32f3xx_hal_tim.o
                0x00000000080058e4                HAL_TIM_Base_Init
 *fill*         0x0000000008005992        0x2 
 .text.HAL_TIM_Base_Start_IT
                0x0000000008005994       0xe0 ./Drivers/STM32F3xx_HAL_Driver/Src/stm32f3xx_hal_tim.o
                0x0000000008005994                HAL_TIM_Base_Start_IT
 .text.HAL_TIM_PWM_Init
                0x0000000008005a74       0xae ./Drivers/STM32F3xx_HAL_Driver/Src/stm32f3xx_hal_tim.o
                0x0000000008005a74                HAL_TIM_PWM_Init
 .text.HAL_TIM_PWM_MspInit
                0x0000000008005b22       0x14 ./Drivers/STM32F3xx_HAL_Driver/Src/stm32f3xx_hal_tim.o
                0x0000000008005b22                HAL_TIM_PWM_MspInit
 *fill*         0x0000000008005b36        0x2 
 .text.HAL_TIM_PWM_Start
                0x0000000008005b38      0x218 ./Drivers/STM32F3xx_HAL_Driver/Src/stm32f3xx_hal_tim.o
                0x0000000008005b38                HAL_TIM_PWM_Start
 .text.HAL_TIM_PWM_Stop
                0x0000000008005d50      0x138 ./Drivers/STM32F3xx_HAL_Driver/Src/stm32f3xx_hal_tim.o
                0x0000000008005d50                HAL_TIM_PWM_Stop
 .text.HAL_TIM_IC_Init
                0x0000000008005e88       0xae ./Drivers/STM32F3xx_HAL_Driver/Src/stm32f3xx_hal_tim.o
                0x0000000008005e88                HAL_TIM_IC_Init
 .text.HAL_TIM_IC_MspInit
                0x0000000008005f36       0x14 ./Drivers/STM32F3xx_HAL_Driver/Src/stm32f3xx_hal_tim.o
                0x0000000008005f36                HAL_TIM_IC_MspInit
 *fill*         0x0000000008005f4a        0x2 
 .text.HAL_TIM_IC_Start_IT
                0x0000000008005f4c      0x294 ./Drivers/STM32F3xx_HAL_Driver/Src/stm32f3xx_hal_tim.o
                0x0000000008005f4c                HAL_TIM_IC_Start_IT
 .text.HAL_TIM_IC_Stop_IT
                0x00000000080061e0      0x17c ./Drivers/STM32F3xx_HAL_Driver/Src/stm32f3xx_hal_tim.o
                0x00000000080061e0                HAL_TIM_IC_Stop_IT
 .text.HAL_TIM_IRQHandler
                0x000000000800635c      0x23e ./Drivers/STM32F3xx_HAL_Driver/Src/stm32f3xx_hal_tim.o
                0x000000000800635c                HAL_TIM_IRQHandler
 .text.HAL_TIM_IC_ConfigChannel
                0x000000000800659a      0x138 ./Drivers/STM32F3xx_HAL_Driver/Src/stm32f3xx_hal_tim.o
                0x000000000800659a                HAL_TIM_IC_ConfigChannel
 *fill*         0x00000000080066d2        0x2 
 .text.HAL_TIM_PWM_ConfigChannel
                0x00000000080066d4      0x228 ./Drivers/STM32F3xx_HAL_Driver/Src/stm32f3xx_hal_tim.o
                0x00000000080066d4                HAL_TIM_PWM_ConfigChannel
 .text.HAL_TIM_ConfigClockSource
                0x00000000080068fc      0x192 ./Drivers/STM32F3xx_HAL_Driver/Src/stm32f3xx_hal_tim.o
                0x00000000080068fc                HAL_TIM_ConfigClockSource
 *fill*         0x0000000008006a8e        0x2 
 .text.HAL_TIM_ReadCapturedValue
                0x0000000008006a90       0x88 ./Drivers/STM32F3xx_HAL_Driver/Src/stm32f3xx_hal_tim.o
                0x0000000008006a90                HAL_TIM_ReadCapturedValue
 .text.HAL_TIM_OC_DelayElapsedCallback
                0x0000000008006b18       0x14 ./Drivers/STM32F3xx_HAL_Driver/Src/stm32f3xx_hal_tim.o
                0x0000000008006b18                HAL_TIM_OC_DelayElapsedCallback
 .text.HAL_TIM_PWM_PulseFinishedCallback
                0x0000000008006b2c       0x14 ./Drivers/STM32F3xx_HAL_Driver/Src/stm32f3xx_hal_tim.o
                0x0000000008006b2c                HAL_TIM_PWM_PulseFinishedCallback
 .text.HAL_TIM_TriggerCallback
                0x0000000008006b40       0x14 ./Drivers/STM32F3xx_HAL_Driver/Src/stm32f3xx_hal_tim.o
                0x0000000008006b40                HAL_TIM_TriggerCallback
 .text.TIM_Base_SetConfig
                0x0000000008006b54      0x13c ./Drivers/STM32F3xx_HAL_Driver/Src/stm32f3xx_hal_tim.o
                0x0000000008006b54                TIM_Base_SetConfig
 .text.TIM_OC1_SetConfig
                0x0000000008006c90      0x134 ./Drivers/STM32F3xx_HAL_Driver/Src/stm32f3xx_hal_tim.o
 .text.TIM_OC2_SetConfig
                0x0000000008006dc4      0x128 ./Drivers/STM32F3xx_HAL_Driver/Src/stm32f3xx_hal_tim.o
                0x0000000008006dc4                TIM_OC2_SetConfig
 .text.TIM_OC3_SetConfig
                0x0000000008006eec      0x124 ./Drivers/STM32F3xx_HAL_Driver/Src/stm32f3xx_hal_tim.o
 .text.TIM_OC4_SetConfig
                0x0000000008007010       0xe0 ./Drivers/STM32F3xx_HAL_Driver/Src/stm32f3xx_hal_tim.o
 .text.TIM_OC5_SetConfig
                0x00000000080070f0       0xd4 ./Drivers/STM32F3xx_HAL_Driver/Src/stm32f3xx_hal_tim.o
 .text.TIM_OC6_SetConfig
                0x00000000080071c4       0xd8 ./Drivers/STM32F3xx_HAL_Driver/Src/stm32f3xx_hal_tim.o
 .text.TIM_TI1_SetConfig
                0x000000000800729c       0xdc ./Drivers/STM32F3xx_HAL_Driver/Src/stm32f3xx_hal_tim.o
                0x000000000800729c                TIM_TI1_SetConfig
 .text.TIM_TI1_ConfigInputStage
                0x0000000008007378       0x5e ./Drivers/STM32F3xx_HAL_Driver/Src/stm32f3xx_hal_tim.o
 .text.TIM_TI2_SetConfig
                0x00000000080073d6       0x7a ./Drivers/STM32F3xx_HAL_Driver/Src/stm32f3xx_hal_tim.o
 .text.TIM_TI2_ConfigInputStage
                0x0000000008007450       0x60 ./Drivers/STM32F3xx_HAL_Driver/Src/stm32f3xx_hal_tim.o
 .text.TIM_TI3_SetConfig
                0x00000000080074b0       0x78 ./Drivers/STM32F3xx_HAL_Driver/Src/stm32f3xx_hal_tim.o
 .text.TIM_TI4_SetConfig
                0x0000000008007528       0x7a ./Drivers/STM32F3xx_HAL_Driver/Src/stm32f3xx_hal_tim.o
 .text.TIM_ITRx_SetConfig
                0x00000000080075a2       0x36 ./Drivers/STM32F3xx_HAL_Driver/Src/stm32f3xx_hal_tim.o
 .text.TIM_ETR_SetConfig
                0x00000000080075d8       0x40 ./Drivers/STM32F3xx_HAL_Driver/Src/stm32f3xx_hal_tim.o
                0x00000000080075d8                TIM_ETR_SetConfig
 .text.TIM_CCxChannelCmd
                0x0000000008007618       0x4a ./Drivers/STM32F3xx_HAL_Driver/Src/stm32f3xx_hal_tim.o
                0x0000000008007618                TIM_CCxChannelCmd
 *fill*         0x0000000008007662        0x2 
 .text.HAL_TIMEx_MasterConfigSynchronization
                0x0000000008007664      0x118 ./Drivers/STM32F3xx_HAL_Driver/Src/stm32f3xx_hal_tim_ex.o
                0x0000000008007664                HAL_TIMEx_MasterConfigSynchronization
 .text.HAL_TIMEx_ConfigBreakDeadTime
                0x000000000800777c      0x10c ./Drivers/STM32F3xx_HAL_Driver/Src/stm32f3xx_hal_tim_ex.o
                0x000000000800777c                HAL_TIMEx_ConfigBreakDeadTime
 .text.HAL_TIMEx_CommutCallback
                0x0000000008007888       0x14 ./Drivers/STM32F3xx_HAL_Driver/Src/stm32f3xx_hal_tim_ex.o
                0x0000000008007888                HAL_TIMEx_CommutCallback
 .text.HAL_TIMEx_BreakCallback
                0x000000000800789c       0x14 ./Drivers/STM32F3xx_HAL_Driver/Src/stm32f3xx_hal_tim_ex.o
                0x000000000800789c                HAL_TIMEx_BreakCallback
 .text.HAL_TIMEx_Break2Callback
                0x00000000080078b0       0x14 ./Drivers/STM32F3xx_HAL_Driver/Src/stm32f3xx_hal_tim_ex.o
                0x00000000080078b0                HAL_TIMEx_Break2Callback
 .text.HAL_UART_Init
                0x00000000080078c4       0x9c ./Drivers/STM32F3xx_HAL_Driver/Src/stm32f3xx_hal_uart.o
                0x00000000080078c4                HAL_UART_Init
 .text.HAL_UART_Receive_IT
                0x0000000008007960       0x88 ./Drivers/STM32F3xx_HAL_Driver/Src/stm32f3xx_hal_uart.o
                0x0000000008007960                HAL_UART_Receive_IT
 .text.HAL_UART_IRQHandler
                0x00000000080079e8      0x5cc ./Drivers/STM32F3xx_HAL_Driver/Src/stm32f3xx_hal_uart.o
                0x00000000080079e8                HAL_UART_IRQHandler
 .text.HAL_UART_TxCpltCallback
                0x0000000008007fb4       0x14 ./Drivers/STM32F3xx_HAL_Driver/Src/stm32f3xx_hal_uart.o
                0x0000000008007fb4                HAL_UART_TxCpltCallback
 .text.HAL_UART_ErrorCallback
                0x0000000008007fc8       0x14 ./Drivers/STM32F3xx_HAL_Driver/Src/stm32f3xx_hal_uart.o
                0x0000000008007fc8                HAL_UART_ErrorCallback
 .text.HAL_UARTEx_RxEventCallback
                0x0000000008007fdc       0x18 ./Drivers/STM32F3xx_HAL_Driver/Src/stm32f3xx_hal_uart.o
                0x0000000008007fdc                HAL_UARTEx_RxEventCallback
 .text.UART_SetConfig
                0x0000000008007ff4      0x3a8 ./Drivers/STM32F3xx_HAL_Driver/Src/stm32f3xx_hal_uart.o
                0x0000000008007ff4                UART_SetConfig
 .text.UART_AdvFeatureConfig
                0x000000000800839c      0x144 ./Drivers/STM32F3xx_HAL_Driver/Src/stm32f3xx_hal_uart.o
                0x000000000800839c                UART_AdvFeatureConfig
 .text.UART_CheckIdleState
                0x00000000080084e0      0x150 ./Drivers/STM32F3xx_HAL_Driver/Src/stm32f3xx_hal_uart.o
                0x00000000080084e0                UART_CheckIdleState
 .text.UART_WaitOnFlagUntilTimeout
                0x0000000008008630       0xce ./Drivers/STM32F3xx_HAL_Driver/Src/stm32f3xx_hal_uart.o
                0x0000000008008630                UART_WaitOnFlagUntilTimeout
 *fill*         0x00000000080086fe        0x2 
 .text.UART_Start_Receive_IT
                0x0000000008008700      0x18c ./Drivers/STM32F3xx_HAL_Driver/Src/stm32f3xx_hal_uart.o
                0x0000000008008700                UART_Start_Receive_IT
 .text.UART_EndRxTransfer
                0x000000000800888c       0xc8 ./Drivers/STM32F3xx_HAL_Driver/Src/stm32f3xx_hal_uart.o
 .text.UART_DMAAbortOnError
                0x0000000008008954       0x2c ./Drivers/STM32F3xx_HAL_Driver/Src/stm32f3xx_hal_uart.o
 .text.UART_EndTransmit_IT
                0x0000000008008980       0x54 ./Drivers/STM32F3xx_HAL_Driver/Src/stm32f3xx_hal_uart.o
 .text.UART_RxISR_8BIT
                0x00000000080089d4      0x1a8 ./Drivers/STM32F3xx_HAL_Driver/Src/stm32f3xx_hal_uart.o
 .text.UART_RxISR_16BIT
                0x0000000008008b7c      0x1a8 ./Drivers/STM32F3xx_HAL_Driver/Src/stm32f3xx_hal_uart.o
 .text.HAL_UARTEx_WakeupCallback
                0x0000000008008d24       0x14 ./Drivers/STM32F3xx_HAL_Driver/Src/stm32f3xx_hal_uart_ex.o
                0x0000000008008d24                HAL_UARTEx_WakeupCallback
 .text.osKernelInitialize
                0x0000000008008d38       0x68 ./Middlewares/Third_Party/FreeRTOS/Source/CMSIS_RTOS_V2/cmsis_os2.o
                0x0000000008008d38                osKernelInitialize
 .text.osKernelStart
                0x0000000008008da0       0x68 ./Middlewares/Third_Party/FreeRTOS/Source/CMSIS_RTOS_V2/cmsis_os2.o
                0x0000000008008da0                osKernelStart
 .text.osThreadNew
                0x0000000008008e08      0x154 ./Middlewares/Third_Party/FreeRTOS/Source/CMSIS_RTOS_V2/cmsis_os2.o
                0x0000000008008e08                osThreadNew
 .text.osThreadGetId
                0x0000000008008f5c       0x4c ./Middlewares/Third_Party/FreeRTOS/Source/CMSIS_RTOS_V2/cmsis_os2.o
                0x0000000008008f5c                osThreadGetId
 .text.osThreadSuspend
                0x0000000008008fa8       0x68 ./Middlewares/Third_Party/FreeRTOS/Source/CMSIS_RTOS_V2/cmsis_os2.o
                0x0000000008008fa8                osThreadSuspend
 .text.osThreadResume
                0x0000000008009010       0x68 ./Middlewares/Third_Party/FreeRTOS/Source/CMSIS_RTOS_V2/cmsis_os2.o
                0x0000000008009010                osThreadResume
 .text.osDelay  0x0000000008009078       0x5c ./Middlewares/Third_Party/FreeRTOS/Source/CMSIS_RTOS_V2/cmsis_os2.o
                0x0000000008009078                osDelay
 .text.osEventFlagsNew
                0x00000000080090d4       0xa4 ./Middlewares/Third_Party/FreeRTOS/Source/CMSIS_RTOS_V2/cmsis_os2.o
                0x00000000080090d4                osEventFlagsNew
 .text.osEventFlagsSet
                0x0000000008009178       0xb0 ./Middlewares/Third_Party/FreeRTOS/Source/CMSIS_RTOS_V2/cmsis_os2.o
                0x0000000008009178                osEventFlagsSet
 .text.osEventFlagsClear
                0x0000000008009228       0x88 ./Middlewares/Third_Party/FreeRTOS/Source/CMSIS_RTOS_V2/cmsis_os2.o
                0x0000000008009228                osEventFlagsClear
 .text.osEventFlagsGet
                0x00000000080092b0       0x68 ./Middlewares/Third_Party/FreeRTOS/Source/CMSIS_RTOS_V2/cmsis_os2.o
                0x00000000080092b0                osEventFlagsGet
 .text.osMutexNew
                0x0000000008009318      0x134 ./Middlewares/Third_Party/FreeRTOS/Source/CMSIS_RTOS_V2/cmsis_os2.o
                0x0000000008009318                osMutexNew
 .text.vApplicationGetIdleTaskMemory
                0x000000000800944c       0x34 ./Middlewares/Third_Party/FreeRTOS/Source/CMSIS_RTOS_V2/cmsis_os2.o
                0x000000000800944c                vApplicationGetIdleTaskMemory
 .text.vApplicationGetTimerTaskMemory
                0x0000000008009480       0x34 ./Middlewares/Third_Party/FreeRTOS/Source/CMSIS_RTOS_V2/cmsis_os2.o
                0x0000000008009480                vApplicationGetTimerTaskMemory
 .text.xEventGroupCreateStatic
                0x00000000080094b4       0x6e ./Middlewares/Third_Party/FreeRTOS/Source/event_groups.o
                0x00000000080094b4                xEventGroupCreateStatic
 .text.xEventGroupCreate
                0x0000000008009522       0x34 ./Middlewares/Third_Party/FreeRTOS/Source/event_groups.o
                0x0000000008009522                xEventGroupCreate
 .text.xEventGroupClearBits
                0x0000000008009556       0x70 ./Middlewares/Third_Party/FreeRTOS/Source/event_groups.o
                0x0000000008009556                xEventGroupClearBits
 *fill*         0x00000000080095c6        0x2 
 .text.xEventGroupClearBitsFromISR
                0x00000000080095c8       0x28 ./Middlewares/Third_Party/FreeRTOS/Source/event_groups.o
                0x00000000080095c8                xEventGroupClearBitsFromISR
 .text.xEventGroupGetBitsFromISR
                0x00000000080095f0       0x48 ./Middlewares/Third_Party/FreeRTOS/Source/event_groups.o
                0x00000000080095f0                xEventGroupGetBitsFromISR
 .text.xEventGroupSetBits
                0x0000000008009638      0x116 ./Middlewares/Third_Party/FreeRTOS/Source/event_groups.o
                0x0000000008009638                xEventGroupSetBits
 .text.vEventGroupSetBitsCallback
                0x000000000800974e       0x1a ./Middlewares/Third_Party/FreeRTOS/Source/event_groups.o
                0x000000000800974e                vEventGroupSetBitsCallback
 .text.vEventGroupClearBitsCallback
                0x0000000008009768       0x1a ./Middlewares/Third_Party/FreeRTOS/Source/event_groups.o
                0x0000000008009768                vEventGroupClearBitsCallback
 *fill*         0x0000000008009782        0x2 
 .text.xEventGroupSetBitsFromISR
                0x0000000008009784       0x28 ./Middlewares/Third_Party/FreeRTOS/Source/event_groups.o
                0x0000000008009784                xEventGroupSetBitsFromISR
 .text.vListInitialise
                0x00000000080097ac       0x40 ./Middlewares/Third_Party/FreeRTOS/Source/list.o
                0x00000000080097ac                vListInitialise
 .text.vListInitialiseItem
                0x00000000080097ec       0x1a ./Middlewares/Third_Party/FreeRTOS/Source/list.o
                0x00000000080097ec                vListInitialiseItem
 .text.vListInsertEnd
                0x0000000008009806       0x48 ./Middlewares/Third_Party/FreeRTOS/Source/list.o
                0x0000000008009806                vListInsertEnd
 .text.vListInsert
                0x000000000800984e       0x72 ./Middlewares/Third_Party/FreeRTOS/Source/list.o
                0x000000000800984e                vListInsert
 .text.uxListRemove
                0x00000000080098c0       0x54 ./Middlewares/Third_Party/FreeRTOS/Source/list.o
                0x00000000080098c0                uxListRemove
 .text.xQueueGenericReset
                0x0000000008009914       0xd0 ./Middlewares/Third_Party/FreeRTOS/Source/queue.o
                0x0000000008009914                xQueueGenericReset
 .text.xQueueGenericCreateStatic
                0x00000000080099e4       0xee ./Middlewares/Third_Party/FreeRTOS/Source/queue.o
                0x00000000080099e4                xQueueGenericCreateStatic
 .text.xQueueGenericCreate
                0x0000000008009ad2       0x7c ./Middlewares/Third_Party/FreeRTOS/Source/queue.o
                0x0000000008009ad2                xQueueGenericCreate
 .text.prvInitialiseNewQueue
                0x0000000008009b4e       0x46 ./Middlewares/Third_Party/FreeRTOS/Source/queue.o
 .text.prvInitialiseMutex
                0x0000000008009b94       0x34 ./Middlewares/Third_Party/FreeRTOS/Source/queue.o
 .text.xQueueCreateMutex
                0x0000000008009bc8       0x30 ./Middlewares/Third_Party/FreeRTOS/Source/queue.o
                0x0000000008009bc8                xQueueCreateMutex
 .text.xQueueCreateMutexStatic
                0x0000000008009bf8       0x36 ./Middlewares/Third_Party/FreeRTOS/Source/queue.o
                0x0000000008009bf8                xQueueCreateMutexStatic
 *fill*         0x0000000008009c2e        0x2 
 .text.xQueueGenericSend
                0x0000000008009c30      0x1fc ./Middlewares/Third_Party/FreeRTOS/Source/queue.o
                0x0000000008009c30                xQueueGenericSend
 .text.xQueueGenericSendFromISR
                0x0000000008009e2c      0x130 ./Middlewares/Third_Party/FreeRTOS/Source/queue.o
                0x0000000008009e2c                xQueueGenericSendFromISR
 .text.xQueueReceive
                0x0000000008009f5c      0x1c0 ./Middlewares/Third_Party/FreeRTOS/Source/queue.o
                0x0000000008009f5c                xQueueReceive
 .text.prvCopyDataToQueue
                0x000000000800a11c       0xd4 ./Middlewares/Third_Party/FreeRTOS/Source/queue.o
 .text.prvCopyDataFromQueue
                0x000000000800a1f0       0x4c ./Middlewares/Third_Party/FreeRTOS/Source/queue.o
 .text.prvUnlockQueue
                0x000000000800a23c       0xa4 ./Middlewares/Third_Party/FreeRTOS/Source/queue.o
 .text.prvIsQueueEmpty
                0x000000000800a2e0       0x2c ./Middlewares/Third_Party/FreeRTOS/Source/queue.o
 .text.prvIsQueueFull
                0x000000000800a30c       0x30 ./Middlewares/Third_Party/FreeRTOS/Source/queue.o
 .text.vQueueAddToRegistry
                0x000000000800a33c       0x54 ./Middlewares/Third_Party/FreeRTOS/Source/queue.o
                0x000000000800a33c                vQueueAddToRegistry
 .text.vQueueWaitForMessageRestricted
                0x000000000800a390       0x68 ./Middlewares/Third_Party/FreeRTOS/Source/queue.o
                0x000000000800a390                vQueueWaitForMessageRestricted
 .text.xTaskCreateStatic
                0x000000000800a3f8       0xb8 ./Middlewares/Third_Party/FreeRTOS/Source/tasks.o
                0x000000000800a3f8                xTaskCreateStatic
 .text.xTaskCreate
                0x000000000800a4b0       0x8a ./Middlewares/Third_Party/FreeRTOS/Source/tasks.o
                0x000000000800a4b0                xTaskCreate
 *fill*         0x000000000800a53a        0x2 
 .text.prvInitialiseNewTask
                0x000000000800a53c      0x13c ./Middlewares/Third_Party/FreeRTOS/Source/tasks.o
 .text.prvAddNewTaskToReadyList
                0x000000000800a678       0xe0 ./Middlewares/Third_Party/FreeRTOS/Source/tasks.o
 .text.vTaskDelay
                0x000000000800a758       0x68 ./Middlewares/Third_Party/FreeRTOS/Source/tasks.o
                0x000000000800a758                vTaskDelay
 .text.vTaskSuspend
                0x000000000800a7c0       0xec ./Middlewares/Third_Party/FreeRTOS/Source/tasks.o
                0x000000000800a7c0                vTaskSuspend
 .text.prvTaskIsTaskSuspended
                0x000000000800a8ac       0x78 ./Middlewares/Third_Party/FreeRTOS/Source/tasks.o
 .text.vTaskResume
                0x000000000800a924       0xbc ./Middlewares/Third_Party/FreeRTOS/Source/tasks.o
                0x000000000800a924                vTaskResume
 .text.vTaskStartScheduler
                0x000000000800a9e0       0xe0 ./Middlewares/Third_Party/FreeRTOS/Source/tasks.o
                0x000000000800a9e0                vTaskStartScheduler
 .text.vTaskSuspendAll
                0x000000000800aac0       0x1c ./Middlewares/Third_Party/FreeRTOS/Source/tasks.o
                0x000000000800aac0                vTaskSuspendAll
 .text.xTaskResumeAll
                0x000000000800aadc      0x13c ./Middlewares/Third_Party/FreeRTOS/Source/tasks.o
                0x000000000800aadc                xTaskResumeAll
 .text.xTaskGetTickCount
                0x000000000800ac18       0x20 ./Middlewares/Third_Party/FreeRTOS/Source/tasks.o
                0x000000000800ac18                xTaskGetTickCount
 .text.xTaskIncrementTick
                0x000000000800ac38      0x17c ./Middlewares/Third_Party/FreeRTOS/Source/tasks.o
                0x000000000800ac38                xTaskIncrementTick
 .text.vTaskSwitchContext
                0x000000000800adb4       0xc8 ./Middlewares/Third_Party/FreeRTOS/Source/tasks.o
                0x000000000800adb4                vTaskSwitchContext
 .text.vTaskPlaceOnEventList
                0x000000000800ae7c       0x48 ./Middlewares/Third_Party/FreeRTOS/Source/tasks.o
                0x000000000800ae7c                vTaskPlaceOnEventList
 .text.vTaskPlaceOnEventListRestricted
                0x000000000800aec4       0x58 ./Middlewares/Third_Party/FreeRTOS/Source/tasks.o
                0x000000000800aec4                vTaskPlaceOnEventListRestricted
 .text.xTaskRemoveFromEventList
                0x000000000800af1c       0xc8 ./Middlewares/Third_Party/FreeRTOS/Source/tasks.o
                0x000000000800af1c                xTaskRemoveFromEventList
 .text.vTaskRemoveFromUnorderedEventList
                0x000000000800afe4       0xc4 ./Middlewares/Third_Party/FreeRTOS/Source/tasks.o
                0x000000000800afe4                vTaskRemoveFromUnorderedEventList
 .text.vTaskInternalSetTimeOutState
                0x000000000800b0a8       0x2c ./Middlewares/Third_Party/FreeRTOS/Source/tasks.o
                0x000000000800b0a8                vTaskInternalSetTimeOutState
 .text.xTaskCheckForTimeOut
                0x000000000800b0d4       0xc4 ./Middlewares/Third_Party/FreeRTOS/Source/tasks.o
                0x000000000800b0d4                xTaskCheckForTimeOut
 .text.vTaskMissedYield
                0x000000000800b198       0x18 ./Middlewares/Third_Party/FreeRTOS/Source/tasks.o
                0x000000000800b198                vTaskMissedYield
 .text.prvIdleTask
                0x000000000800b1b0       0x30 ./Middlewares/Third_Party/FreeRTOS/Source/tasks.o
 .text.prvInitialiseTaskLists
                0x000000000800b1e0       0x80 ./Middlewares/Third_Party/FreeRTOS/Source/tasks.o
 .text.prvCheckTasksWaitingTermination
                0x000000000800b260       0x5c ./Middlewares/Third_Party/FreeRTOS/Source/tasks.o
 .text.prvDeleteTCB
                0x000000000800b2bc       0x68 ./Middlewares/Third_Party/FreeRTOS/Source/tasks.o
 .text.prvResetNextTaskUnblockTime
                0x000000000800b324       0x4c ./Middlewares/Third_Party/FreeRTOS/Source/tasks.o
 .text.xTaskGetCurrentTaskHandle
                0x000000000800b370       0x20 ./Middlewares/Third_Party/FreeRTOS/Source/tasks.o
                0x000000000800b370                xTaskGetCurrentTaskHandle
 .text.xTaskGetSchedulerState
                0x000000000800b390       0x3c ./Middlewares/Third_Party/FreeRTOS/Source/tasks.o
                0x000000000800b390                xTaskGetSchedulerState
 .text.xTaskPriorityDisinherit
                0x000000000800b3cc       0xdc ./Middlewares/Third_Party/FreeRTOS/Source/tasks.o
                0x000000000800b3cc                xTaskPriorityDisinherit
 .text.prvAddCurrentTaskToDelayedList
                0x000000000800b4a8       0xa8 ./Middlewares/Third_Party/FreeRTOS/Source/tasks.o
 .text.xTimerCreateTimerTask
                0x000000000800b550       0x90 ./Middlewares/Third_Party/FreeRTOS/Source/timers.o
                0x000000000800b550                xTimerCreateTimerTask
 .text.xTimerGenericCommand
                0x000000000800b5e0       0x9c ./Middlewares/Third_Party/FreeRTOS/Source/timers.o
                0x000000000800b5e0                xTimerGenericCommand
 .text.prvProcessExpiredTimer
                0x000000000800b67c       0x80 ./Middlewares/Third_Party/FreeRTOS/Source/timers.o
 .text.prvTimerTask
                0x000000000800b6fc       0x24 ./Middlewares/Third_Party/FreeRTOS/Source/timers.o
 .text.prvProcessTimerOrBlockTask
                0x000000000800b720       0x9c ./Middlewares/Third_Party/FreeRTOS/Source/timers.o
 .text.prvGetNextExpireTime
                0x000000000800b7bc       0x48 ./Middlewares/Third_Party/FreeRTOS/Source/timers.o
 .text.prvSampleTimeNow
                0x000000000800b804       0x40 ./Middlewares/Third_Party/FreeRTOS/Source/timers.o
 .text.prvInsertTimerInActiveList
                0x000000000800b844       0x84 ./Middlewares/Third_Party/FreeRTOS/Source/timers.o
 .text.prvProcessReceivedCommands
                0x000000000800b8c8      0x168 ./Middlewares/Third_Party/FreeRTOS/Source/timers.o
 .text.prvSwitchTimerLists
                0x000000000800ba30       0xc4 ./Middlewares/Third_Party/FreeRTOS/Source/timers.o
 .text.prvCheckForValidListAndQueue
                0x000000000800baf4       0x80 ./Middlewares/Third_Party/FreeRTOS/Source/timers.o
 .text.xTimerPendFunctionCallFromISR
                0x000000000800bb74       0x40 ./Middlewares/Third_Party/FreeRTOS/Source/timers.o
                0x000000000800bb74                xTimerPendFunctionCallFromISR
 .text.pxPortInitialiseStack
                0x000000000800bbb4       0x68 ./Middlewares/Third_Party/FreeRTOS/Source/portable/GCC/ARM_CM4F/port.o
                0x000000000800bbb4                pxPortInitialiseStack
 .text.prvTaskExitError
                0x000000000800bc1c       0x58 ./Middlewares/Third_Party/FreeRTOS/Source/portable/GCC/ARM_CM4F/port.o
 *fill*         0x000000000800bc74        0xc 
 .text.SVC_Handler
                0x000000000800bc80       0x28 ./Middlewares/Third_Party/FreeRTOS/Source/portable/GCC/ARM_CM4F/port.o
                0x000000000800bc80                SVC_Handler
 .text.prvPortStartFirstTask
                0x000000000800bca8       0x28 ./Middlewares/Third_Party/FreeRTOS/Source/portable/GCC/ARM_CM4F/port.o
 .text.xPortStartScheduler
                0x000000000800bcd0      0x144 ./Middlewares/Third_Party/FreeRTOS/Source/portable/GCC/ARM_CM4F/port.o
                0x000000000800bcd0                xPortStartScheduler
 .text.vPortEnterCritical
                0x000000000800be14       0x60 ./Middlewares/Third_Party/FreeRTOS/Source/portable/GCC/ARM_CM4F/port.o
                0x000000000800be14                vPortEnterCritical
 .text.vPortExitCritical
                0x000000000800be74       0x54 ./Middlewares/Third_Party/FreeRTOS/Source/portable/GCC/ARM_CM4F/port.o
                0x000000000800be74                vPortExitCritical
 *fill*         0x000000000800bec8        0x8 
 .text.PendSV_Handler
                0x000000000800bed0       0x68 ./Middlewares/Third_Party/FreeRTOS/Source/portable/GCC/ARM_CM4F/port.o
                0x000000000800bed0                PendSV_Handler
 .text.SysTick_Handler
                0x000000000800bf38       0x44 ./Middlewares/Third_Party/FreeRTOS/Source/portable/GCC/ARM_CM4F/port.o
                0x000000000800bf38                SysTick_Handler
 .text.vPortSetupTimerInterrupt
                0x000000000800bf7c       0x48 ./Middlewares/Third_Party/FreeRTOS/Source/portable/GCC/ARM_CM4F/port.o
                0x000000000800bf7c                vPortSetupTimerInterrupt
 .text.vPortEnableVFP
                0x000000000800bfc4       0x14 ./Middlewares/Third_Party/FreeRTOS/Source/portable/GCC/ARM_CM4F/port.o
 .text.vPortValidateInterruptPriority
                0x000000000800bfd8       0x80 ./Middlewares/Third_Party/FreeRTOS/Source/portable/GCC/ARM_CM4F/port.o
                0x000000000800bfd8                vPortValidateInterruptPriority
 .text.pvPortMalloc
                0x000000000800c058      0x188 ./Middlewares/Third_Party/FreeRTOS/Source/portable/MemMang/heap_4.o
                0x000000000800c058                pvPortMalloc
 .text.vPortFree
                0x000000000800c1e0       0xb4 ./Middlewares/Third_Party/FreeRTOS/Source/portable/MemMang/heap_4.o
                0x000000000800c1e0                vPortFree
 .text.prvHeapInit
                0x000000000800c294       0xc4 ./Middlewares/Third_Party/FreeRTOS/Source/portable/MemMang/heap_4.o
 .text.prvInsertBlockIntoFreeList
                0x000000000800c358       0xb4 ./Middlewares/Third_Party/FreeRTOS/Source/portable/MemMang/heap_4.o
 .text.__cvt    0x000000000800c40c       0xc4 C:/ST/STM32CubeIDE_1.13.1/STM32CubeIDE/plugins/com.st.stm32cube.ide.mcu.externaltools.gnu-tools-for-stm32.11.3.rel1.win32_1.1.0.202305231506/tools/bin/../lib/gcc/arm-none-eabi/11.3.1/../../../../arm-none-eabi/lib/thumb/v7e-m+fp/hard\libc_nano.a(libc_a-nano-vfprintf_float.o)
                0x000000000800c40c                __cvt
 .text.__exponent
                0x000000000800c4d0       0x7c C:/ST/STM32CubeIDE_1.13.1/STM32CubeIDE/plugins/com.st.stm32cube.ide.mcu.externaltools.gnu-tools-for-stm32.11.3.rel1.win32_1.1.0.202305231506/tools/bin/../lib/gcc/arm-none-eabi/11.3.1/../../../../arm-none-eabi/lib/thumb/v7e-m+fp/hard\libc_nano.a(libc_a-nano-vfprintf_float.o)
                0x000000000800c4d0                __exponent
 .text._printf_float
                0x000000000800c54c      0x46c C:/ST/STM32CubeIDE_1.13.1/STM32CubeIDE/plugins/com.st.stm32cube.ide.mcu.externaltools.gnu-tools-for-stm32.11.3.rel1.win32_1.1.0.202305231506/tools/bin/../lib/gcc/arm-none-eabi/11.3.1/../../../../arm-none-eabi/lib/thumb/v7e-m+fp/hard\libc_nano.a(libc_a-nano-vfprintf_float.o)
                0x000000000800c54c                _printf_float
 .text._printf_common
                0x000000000800c9b8       0xda C:/ST/STM32CubeIDE_1.13.1/STM32CubeIDE/plugins/com.st.stm32cube.ide.mcu.externaltools.gnu-tools-for-stm32.11.3.rel1.win32_1.1.0.202305231506/tools/bin/../lib/gcc/arm-none-eabi/11.3.1/../../../../arm-none-eabi/lib/thumb/v7e-m+fp/hard\libc_nano.a(libc_a-nano-vfprintf_i.o)
                0x000000000800c9b8                _printf_common
 *fill*         0x000000000800ca92        0x2 
 .text._printf_i
                0x000000000800ca94      0x244 C:/ST/STM32CubeIDE_1.13.1/STM32CubeIDE/plugins/com.st.stm32cube.ide.mcu.externaltools.gnu-tools-for-stm32.11.3.rel1.win32_1.1.0.202305231506/tools/bin/../lib/gcc/arm-none-eabi/11.3.1/../../../../arm-none-eabi/lib/thumb/v7e-m+fp/hard\libc_nano.a(libc_a-nano-vfprintf_i.o)
                0x000000000800ca94                _printf_i
 .text.std      0x000000000800ccd8       0x48 C:/ST/STM32CubeIDE_1.13.1/STM32CubeIDE/plugins/com.st.stm32cube.ide.mcu.externaltools.gnu-tools-for-stm32.11.3.rel1.win32_1.1.0.202305231506/tools/bin/../lib/gcc/arm-none-eabi/11.3.1/../../../../arm-none-eabi/lib/thumb/v7e-m+fp/hard\libc_nano.a(libc_a-findfp.o)
 .text.stdio_exit_handler
                0x000000000800cd20       0x18 C:/ST/STM32CubeIDE_1.13.1/STM32CubeIDE/plugins/com.st.stm32cube.ide.mcu.externaltools.gnu-tools-for-stm32.11.3.rel1.win32_1.1.0.202305231506/tools/bin/../lib/gcc/arm-none-eabi/11.3.1/../../../../arm-none-eabi/lib/thumb/v7e-m+fp/hard\libc_nano.a(libc_a-findfp.o)
 .text.cleanup_stdio
                0x000000000800cd38       0x40 C:/ST/STM32CubeIDE_1.13.1/STM32CubeIDE/plugins/com.st.stm32cube.ide.mcu.externaltools.gnu-tools-for-stm32.11.3.rel1.win32_1.1.0.202305231506/tools/bin/../lib/gcc/arm-none-eabi/11.3.1/../../../../arm-none-eabi/lib/thumb/v7e-m+fp/hard\libc_nano.a(libc_a-findfp.o)
 .text.global_stdio_init.part.0
                0x000000000800cd78       0x3c C:/ST/STM32CubeIDE_1.13.1/STM32CubeIDE/plugins/com.st.stm32cube.ide.mcu.externaltools.gnu-tools-for-stm32.11.3.rel1.win32_1.1.0.202305231506/tools/bin/../lib/gcc/arm-none-eabi/11.3.1/../../../../arm-none-eabi/lib/thumb/v7e-m+fp/hard\libc_nano.a(libc_a-findfp.o)
 .text.__sfp_lock_acquire
                0x000000000800cdb4        0xc C:/ST/STM32CubeIDE_1.13.1/STM32CubeIDE/plugins/com.st.stm32cube.ide.mcu.externaltools.gnu-tools-for-stm32.11.3.rel1.win32_1.1.0.202305231506/tools/bin/../lib/gcc/arm-none-eabi/11.3.1/../../../../arm-none-eabi/lib/thumb/v7e-m+fp/hard\libc_nano.a(libc_a-findfp.o)
                0x000000000800cdb4                __sfp_lock_acquire
 .text.__sfp_lock_release
                0x000000000800cdc0        0xc C:/ST/STM32CubeIDE_1.13.1/STM32CubeIDE/plugins/com.st.stm32cube.ide.mcu.externaltools.gnu-tools-for-stm32.11.3.rel1.win32_1.1.0.202305231506/tools/bin/../lib/gcc/arm-none-eabi/11.3.1/../../../../arm-none-eabi/lib/thumb/v7e-m+fp/hard\libc_nano.a(libc_a-findfp.o)
                0x000000000800cdc0                __sfp_lock_release
 .text.__sinit  0x000000000800cdcc       0x30 C:/ST/STM32CubeIDE_1.13.1/STM32CubeIDE/plugins/com.st.stm32cube.ide.mcu.externaltools.gnu-tools-for-stm32.11.3.rel1.win32_1.1.0.202305231506/tools/bin/../lib/gcc/arm-none-eabi/11.3.1/../../../../arm-none-eabi/lib/thumb/v7e-m+fp/hard\libc_nano.a(libc_a-findfp.o)
                0x000000000800cdcc                __sinit
 .text._fwalk_sglue
                0x000000000800cdfc       0x3c C:/ST/STM32CubeIDE_1.13.1/STM32CubeIDE/plugins/com.st.stm32cube.ide.mcu.externaltools.gnu-tools-for-stm32.11.3.rel1.win32_1.1.0.202305231506/tools/bin/../lib/gcc/arm-none-eabi/11.3.1/../../../../arm-none-eabi/lib/thumb/v7e-m+fp/hard\libc_nano.a(libc_a-fwalk.o)
                0x000000000800cdfc                _fwalk_sglue
 .text.printf   0x000000000800ce38       0x24 C:/ST/STM32CubeIDE_1.13.1/STM32CubeIDE/plugins/com.st.stm32cube.ide.mcu.externaltools.gnu-tools-for-stm32.11.3.rel1.win32_1.1.0.202305231506/tools/bin/../lib/gcc/arm-none-eabi/11.3.1/../../../../arm-none-eabi/lib/thumb/v7e-m+fp/hard\libc_nano.a(libc_a-printf.o)
                0x000000000800ce38                iprintf
                0x000000000800ce38                printf
 .text._puts_r  0x000000000800ce5c       0xa8 C:/ST/STM32CubeIDE_1.13.1/STM32CubeIDE/plugins/com.st.stm32cube.ide.mcu.externaltools.gnu-tools-for-stm32.11.3.rel1.win32_1.1.0.202305231506/tools/bin/../lib/gcc/arm-none-eabi/11.3.1/../../../../arm-none-eabi/lib/thumb/v7e-m+fp/hard\libc_nano.a(libc_a-puts.o)
                0x000000000800ce5c                _puts_r
 .text.puts     0x000000000800cf04       0x10 C:/ST/STM32CubeIDE_1.13.1/STM32CubeIDE/plugins/com.st.stm32cube.ide.mcu.externaltools.gnu-tools-for-stm32.11.3.rel1.win32_1.1.0.202305231506/tools/bin/../lib/gcc/arm-none-eabi/11.3.1/../../../../arm-none-eabi/lib/thumb/v7e-m+fp/hard\libc_nano.a(libc_a-puts.o)
                0x000000000800cf04                puts
 .text.__sread  0x000000000800cf14       0x22 C:/ST/STM32CubeIDE_1.13.1/STM32CubeIDE/plugins/com.st.stm32cube.ide.mcu.externaltools.gnu-tools-for-stm32.11.3.rel1.win32_1.1.0.202305231506/tools/bin/../lib/gcc/arm-none-eabi/11.3.1/../../../../arm-none-eabi/lib/thumb/v7e-m+fp/hard\libc_nano.a(libc_a-stdio.o)
                0x000000000800cf14                __sread
 .text.__swrite
                0x000000000800cf36       0x38 C:/ST/STM32CubeIDE_1.13.1/STM32CubeIDE/plugins/com.st.stm32cube.ide.mcu.externaltools.gnu-tools-for-stm32.11.3.rel1.win32_1.1.0.202305231506/tools/bin/../lib/gcc/arm-none-eabi/11.3.1/../../../../arm-none-eabi/lib/thumb/v7e-m+fp/hard\libc_nano.a(libc_a-stdio.o)
                0x000000000800cf36                __swrite
 .text.__sseek  0x000000000800cf6e       0x24 C:/ST/STM32CubeIDE_1.13.1/STM32CubeIDE/plugins/com.st.stm32cube.ide.mcu.externaltools.gnu-tools-for-stm32.11.3.rel1.win32_1.1.0.202305231506/tools/bin/../lib/gcc/arm-none-eabi/11.3.1/../../../../arm-none-eabi/lib/thumb/v7e-m+fp/hard\libc_nano.a(libc_a-stdio.o)
                0x000000000800cf6e                __sseek
 .text.__sclose
                0x000000000800cf92        0x8 C:/ST/STM32CubeIDE_1.13.1/STM32CubeIDE/plugins/com.st.stm32cube.ide.mcu.externaltools.gnu-tools-for-stm32.11.3.rel1.win32_1.1.0.202305231506/tools/bin/../lib/gcc/arm-none-eabi/11.3.1/../../../../arm-none-eabi/lib/thumb/v7e-m+fp/hard\libc_nano.a(libc_a-stdio.o)
                0x000000000800cf92                __sclose
 .text.__swbuf_r
                0x000000000800cf9a       0x7a C:/ST/STM32CubeIDE_1.13.1/STM32CubeIDE/plugins/com.st.stm32cube.ide.mcu.externaltools.gnu-tools-for-stm32.11.3.rel1.win32_1.1.0.202305231506/tools/bin/../lib/gcc/arm-none-eabi/11.3.1/../../../../arm-none-eabi/lib/thumb/v7e-m+fp/hard\libc_nano.a(libc_a-wbuf.o)
                0x000000000800cf9a                __swbuf_r
 .text.__swsetup_r
                0x000000000800d014       0xb0 C:/ST/STM32CubeIDE_1.13.1/STM32CubeIDE/plugins/com.st.stm32cube.ide.mcu.externaltools.gnu-tools-for-stm32.11.3.rel1.win32_1.1.0.202305231506/tools/bin/../lib/gcc/arm-none-eabi/11.3.1/../../../../arm-none-eabi/lib/thumb/v7e-m+fp/hard\libc_nano.a(libc_a-wsetup.o)
                0x000000000800d014                __swsetup_r
 .text.memset   0x000000000800d0c4       0x10 C:/ST/STM32CubeIDE_1.13.1/STM32CubeIDE/plugins/com.st.stm32cube.ide.mcu.externaltools.gnu-tools-for-stm32.11.3.rel1.win32_1.1.0.202305231506/tools/bin/../lib/gcc/arm-none-eabi/11.3.1/../../../../arm-none-eabi/lib/thumb/v7e-m+fp/hard\libc_nano.a(libc_a-memset.o)
                0x000000000800d0c4                memset
 .text._localeconv_r
                0x000000000800d0d4        0x8 C:/ST/STM32CubeIDE_1.13.1/STM32CubeIDE/plugins/com.st.stm32cube.ide.mcu.externaltools.gnu-tools-for-stm32.11.3.rel1.win32_1.1.0.202305231506/tools/bin/../lib/gcc/arm-none-eabi/11.3.1/../../../../arm-none-eabi/lib/thumb/v7e-m+fp/hard\libc_nano.a(libc_a-localeconv.o)
                0x000000000800d0d4                _localeconv_r
 .text._close_r
                0x000000000800d0dc       0x20 C:/ST/STM32CubeIDE_1.13.1/STM32CubeIDE/plugins/com.st.stm32cube.ide.mcu.externaltools.gnu-tools-for-stm32.11.3.rel1.win32_1.1.0.202305231506/tools/bin/../lib/gcc/arm-none-eabi/11.3.1/../../../../arm-none-eabi/lib/thumb/v7e-m+fp/hard\libc_nano.a(libc_a-closer.o)
                0x000000000800d0dc                _close_r
 .text._reclaim_reent
                0x000000000800d0fc       0xac C:/ST/STM32CubeIDE_1.13.1/STM32CubeIDE/plugins/com.st.stm32cube.ide.mcu.externaltools.gnu-tools-for-stm32.11.3.rel1.win32_1.1.0.202305231506/tools/bin/../lib/gcc/arm-none-eabi/11.3.1/../../../../arm-none-eabi/lib/thumb/v7e-m+fp/hard\libc_nano.a(libc_a-reent.o)
                0x000000000800d0fc                _reclaim_reent
 .text._lseek_r
                0x000000000800d1a8       0x24 C:/ST/STM32CubeIDE_1.13.1/STM32CubeIDE/plugins/com.st.stm32cube.ide.mcu.externaltools.gnu-tools-for-stm32.11.3.rel1.win32_1.1.0.202305231506/tools/bin/../lib/gcc/arm-none-eabi/11.3.1/../../../../arm-none-eabi/lib/thumb/v7e-m+fp/hard\libc_nano.a(libc_a-lseekr.o)
                0x000000000800d1a8                _lseek_r
 .text._read_r  0x000000000800d1cc       0x24 C:/ST/STM32CubeIDE_1.13.1/STM32CubeIDE/plugins/com.st.stm32cube.ide.mcu.externaltools.gnu-tools-for-stm32.11.3.rel1.win32_1.1.0.202305231506/tools/bin/../lib/gcc/arm-none-eabi/11.3.1/../../../../arm-none-eabi/lib/thumb/v7e-m+fp/hard\libc_nano.a(libc_a-readr.o)
                0x000000000800d1cc                _read_r
 .text._write_r
                0x000000000800d1f0       0x24 C:/ST/STM32CubeIDE_1.13.1/STM32CubeIDE/plugins/com.st.stm32cube.ide.mcu.externaltools.gnu-tools-for-stm32.11.3.rel1.win32_1.1.0.202305231506/tools/bin/../lib/gcc/arm-none-eabi/11.3.1/../../../../arm-none-eabi/lib/thumb/v7e-m+fp/hard\libc_nano.a(libc_a-writer.o)
                0x000000000800d1f0                _write_r
 .text.__errno  0x000000000800d214        0xc C:/ST/STM32CubeIDE_1.13.1/STM32CubeIDE/plugins/com.st.stm32cube.ide.mcu.externaltools.gnu-tools-for-stm32.11.3.rel1.win32_1.1.0.202305231506/tools/bin/../lib/gcc/arm-none-eabi/11.3.1/../../../../arm-none-eabi/lib/thumb/v7e-m+fp/hard\libc_nano.a(libc_a-errno.o)
                0x000000000800d214                __errno
 .text.__libc_init_array
                0x000000000800d220       0x48 C:/ST/STM32CubeIDE_1.13.1/STM32CubeIDE/plugins/com.st.stm32cube.ide.mcu.externaltools.gnu-tools-for-stm32.11.3.rel1.win32_1.1.0.202305231506/tools/bin/../lib/gcc/arm-none-eabi/11.3.1/../../../../arm-none-eabi/lib/thumb/v7e-m+fp/hard\libc_nano.a(libc_a-init.o)
                0x000000000800d220                __libc_init_array
 .text.__retarget_lock_acquire_recursive
                0x000000000800d268        0x2 C:/ST/STM32CubeIDE_1.13.1/STM32CubeIDE/plugins/com.st.stm32cube.ide.mcu.externaltools.gnu-tools-for-stm32.11.3.rel1.win32_1.1.0.202305231506/tools/bin/../lib/gcc/arm-none-eabi/11.3.1/../../../../arm-none-eabi/lib/thumb/v7e-m+fp/hard\libc_nano.a(libc_a-lock.o)
                0x000000000800d268                __retarget_lock_acquire_recursive
 .text.__retarget_lock_release_recursive
                0x000000000800d26a        0x2 C:/ST/STM32CubeIDE_1.13.1/STM32CubeIDE/plugins/com.st.stm32cube.ide.mcu.externaltools.gnu-tools-for-stm32.11.3.rel1.win32_1.1.0.202305231506/tools/bin/../lib/gcc/arm-none-eabi/11.3.1/../../../../arm-none-eabi/lib/thumb/v7e-m+fp/hard\libc_nano.a(libc_a-lock.o)
                0x000000000800d26a                __retarget_lock_release_recursive
 .text.memcpy   0x000000000800d26c       0x1c C:/ST/STM32CubeIDE_1.13.1/STM32CubeIDE/plugins/com.st.stm32cube.ide.mcu.externaltools.gnu-tools-for-stm32.11.3.rel1.win32_1.1.0.202305231506/tools/bin/../lib/gcc/arm-none-eabi/11.3.1/../../../../arm-none-eabi/lib/thumb/v7e-m+fp/hard\libc_nano.a(libc_a-memcpy-stub.o)
                0x000000000800d26c                memcpy
 .text.quorem   0x000000000800d288      0x110 C:/ST/STM32CubeIDE_1.13.1/STM32CubeIDE/plugins/com.st.stm32cube.ide.mcu.externaltools.gnu-tools-for-stm32.11.3.rel1.win32_1.1.0.202305231506/tools/bin/../lib/gcc/arm-none-eabi/11.3.1/../../../../arm-none-eabi/lib/thumb/v7e-m+fp/hard\libc_nano.a(libc_a-dtoa.o)
 .text._dtoa_r  0x000000000800d398      0xbe4 C:/ST/STM32CubeIDE_1.13.1/STM32CubeIDE/plugins/com.st.stm32cube.ide.mcu.externaltools.gnu-tools-for-stm32.11.3.rel1.win32_1.1.0.202305231506/tools/bin/../lib/gcc/arm-none-eabi/11.3.1/../../../../arm-none-eabi/lib/thumb/v7e-m+fp/hard\libc_nano.a(libc_a-dtoa.o)
                0x000000000800d398                _dtoa_r
 .text._free_r  0x000000000800df7c       0x98 C:/ST/STM32CubeIDE_1.13.1/STM32CubeIDE/plugins/com.st.stm32cube.ide.mcu.externaltools.gnu-tools-for-stm32.11.3.rel1.win32_1.1.0.202305231506/tools/bin/../lib/gcc/arm-none-eabi/11.3.1/../../../../arm-none-eabi/lib/thumb/v7e-m+fp/hard\libc_nano.a(libc_a-freer.o)
                0x000000000800df7c                _free_r
 .text.malloc   0x000000000800e014       0x10 C:/ST/STM32CubeIDE_1.13.1/STM32CubeIDE/plugins/com.st.stm32cube.ide.mcu.externaltools.gnu-tools-for-stm32.11.3.rel1.win32_1.1.0.202305231506/tools/bin/../lib/gcc/arm-none-eabi/11.3.1/../../../../arm-none-eabi/lib/thumb/v7e-m+fp/hard\libc_nano.a(libc_a-malloc.o)
                0x000000000800e014                malloc
 .text.sbrk_aligned
                0x000000000800e024       0x40 C:/ST/STM32CubeIDE_1.13.1/STM32CubeIDE/plugins/com.st.stm32cube.ide.mcu.externaltools.gnu-tools-for-stm32.11.3.rel1.win32_1.1.0.202305231506/tools/bin/../lib/gcc/arm-none-eabi/11.3.1/../../../../arm-none-eabi/lib/thumb/v7e-m+fp/hard\libc_nano.a(libc_a-mallocr.o)
 .text._malloc_r
                0x000000000800e064      0x100 C:/ST/STM32CubeIDE_1.13.1/STM32CubeIDE/plugins/com.st.stm32cube.ide.mcu.externaltools.gnu-tools-for-stm32.11.3.rel1.win32_1.1.0.202305231506/tools/bin/../lib/gcc/arm-none-eabi/11.3.1/../../../../arm-none-eabi/lib/thumb/v7e-m+fp/hard\libc_nano.a(libc_a-mallocr.o)
                0x000000000800e064                _malloc_r
 .text.__malloc_lock
                0x000000000800e164        0xc C:/ST/STM32CubeIDE_1.13.1/STM32CubeIDE/plugins/com.st.stm32cube.ide.mcu.externaltools.gnu-tools-for-stm32.11.3.rel1.win32_1.1.0.202305231506/tools/bin/../lib/gcc/arm-none-eabi/11.3.1/../../../../arm-none-eabi/lib/thumb/v7e-m+fp/hard\libc_nano.a(libc_a-mlock.o)
                0x000000000800e164                __malloc_lock
 .text.__malloc_unlock
                0x000000000800e170        0xc C:/ST/STM32CubeIDE_1.13.1/STM32CubeIDE/plugins/com.st.stm32cube.ide.mcu.externaltools.gnu-tools-for-stm32.11.3.rel1.win32_1.1.0.202305231506/tools/bin/../lib/gcc/arm-none-eabi/11.3.1/../../../../arm-none-eabi/lib/thumb/v7e-m+fp/hard\libc_nano.a(libc_a-mlock.o)
                0x000000000800e170                __malloc_unlock
 .text._Balloc  0x000000000800e17c       0x80 C:/ST/STM32CubeIDE_1.13.1/STM32CubeIDE/plugins/com.st.stm32cube.ide.mcu.externaltools.gnu-tools-for-stm32.11.3.rel1.win32_1.1.0.202305231506/tools/bin/../lib/gcc/arm-none-eabi/11.3.1/../../../../arm-none-eabi/lib/thumb/v7e-m+fp/hard\libc_nano.a(libc_a-mprec.o)
                0x000000000800e17c                _Balloc
 .text._Bfree   0x000000000800e1fc       0x44 C:/ST/STM32CubeIDE_1.13.1/STM32CubeIDE/plugins/com.st.stm32cube.ide.mcu.externaltools.gnu-tools-for-stm32.11.3.rel1.win32_1.1.0.202305231506/tools/bin/../lib/gcc/arm-none-eabi/11.3.1/../../../../arm-none-eabi/lib/thumb/v7e-m+fp/hard\libc_nano.a(libc_a-mprec.o)
                0x000000000800e1fc                _Bfree
 .text.__multadd
                0x000000000800e240       0x8c C:/ST/STM32CubeIDE_1.13.1/STM32CubeIDE/plugins/com.st.stm32cube.ide.mcu.externaltools.gnu-tools-for-stm32.11.3.rel1.win32_1.1.0.202305231506/tools/bin/../lib/gcc/arm-none-eabi/11.3.1/../../../../arm-none-eabi/lib/thumb/v7e-m+fp/hard\libc_nano.a(libc_a-mprec.o)
                0x000000000800e240                __multadd
 .text.__hi0bits
                0x000000000800e2cc       0x40 C:/ST/STM32CubeIDE_1.13.1/STM32CubeIDE/plugins/com.st.stm32cube.ide.mcu.externaltools.gnu-tools-for-stm32.11.3.rel1.win32_1.1.0.202305231506/tools/bin/../lib/gcc/arm-none-eabi/11.3.1/../../../../arm-none-eabi/lib/thumb/v7e-m+fp/hard\libc_nano.a(libc_a-mprec.o)
                0x000000000800e2cc                __hi0bits
 .text.__lo0bits
                0x000000000800e30c       0x5a C:/ST/STM32CubeIDE_1.13.1/STM32CubeIDE/plugins/com.st.stm32cube.ide.mcu.externaltools.gnu-tools-for-stm32.11.3.rel1.win32_1.1.0.202305231506/tools/bin/../lib/gcc/arm-none-eabi/11.3.1/../../../../arm-none-eabi/lib/thumb/v7e-m+fp/hard\libc_nano.a(libc_a-mprec.o)
                0x000000000800e30c                __lo0bits
 *fill*         0x000000000800e366        0x2 
 .text.__i2b    0x000000000800e368       0x2c C:/ST/STM32CubeIDE_1.13.1/STM32CubeIDE/plugins/com.st.stm32cube.ide.mcu.externaltools.gnu-tools-for-stm32.11.3.rel1.win32_1.1.0.202305231506/tools/bin/../lib/gcc/arm-none-eabi/11.3.1/../../../../arm-none-eabi/lib/thumb/v7e-m+fp/hard\libc_nano.a(libc_a-mprec.o)
                0x000000000800e368                __i2b
 .text.__multiply
                0x000000000800e394      0x154 C:/ST/STM32CubeIDE_1.13.1/STM32CubeIDE/plugins/com.st.stm32cube.ide.mcu.externaltools.gnu-tools-for-stm32.11.3.rel1.win32_1.1.0.202305231506/tools/bin/../lib/gcc/arm-none-eabi/11.3.1/../../../../arm-none-eabi/lib/thumb/v7e-m+fp/hard\libc_nano.a(libc_a-mprec.o)
                0x000000000800e394                __multiply
 .text.__pow5mult
                0x000000000800e4e8       0xb4 C:/ST/STM32CubeIDE_1.13.1/STM32CubeIDE/plugins/com.st.stm32cube.ide.mcu.externaltools.gnu-tools-for-stm32.11.3.rel1.win32_1.1.0.202305231506/tools/bin/../lib/gcc/arm-none-eabi/11.3.1/../../../../arm-none-eabi/lib/thumb/v7e-m+fp/hard\libc_nano.a(libc_a-mprec.o)
                0x000000000800e4e8                __pow5mult
 .text.__lshift
                0x000000000800e59c       0xd8 C:/ST/STM32CubeIDE_1.13.1/STM32CubeIDE/plugins/com.st.stm32cube.ide.mcu.externaltools.gnu-tools-for-stm32.11.3.rel1.win32_1.1.0.202305231506/tools/bin/../lib/gcc/arm-none-eabi/11.3.1/../../../../arm-none-eabi/lib/thumb/v7e-m+fp/hard\libc_nano.a(libc_a-mprec.o)
                0x000000000800e59c                __lshift
 .text.__mcmp   0x000000000800e674       0x38 C:/ST/STM32CubeIDE_1.13.1/STM32CubeIDE/plugins/com.st.stm32cube.ide.mcu.externaltools.gnu-tools-for-stm32.11.3.rel1.win32_1.1.0.202305231506/tools/bin/../lib/gcc/arm-none-eabi/11.3.1/../../../../arm-none-eabi/lib/thumb/v7e-m+fp/hard\libc_nano.a(libc_a-mprec.o)
                0x000000000800e674                __mcmp
 .text.__mdiff  0x000000000800e6ac      0x114 C:/ST/STM32CubeIDE_1.13.1/STM32CubeIDE/plugins/com.st.stm32cube.ide.mcu.externaltools.gnu-tools-for-stm32.11.3.rel1.win32_1.1.0.202305231506/tools/bin/../lib/gcc/arm-none-eabi/11.3.1/../../../../arm-none-eabi/lib/thumb/v7e-m+fp/hard\libc_nano.a(libc_a-mprec.o)
                0x000000000800e6ac                __mdiff
 .text.__d2b    0x000000000800e7c0       0xb4 C:/ST/STM32CubeIDE_1.13.1/STM32CubeIDE/plugins/com.st.stm32cube.ide.mcu.externaltools.gnu-tools-for-stm32.11.3.rel1.win32_1.1.0.202305231506/tools/bin/../lib/gcc/arm-none-eabi/11.3.1/../../../../arm-none-eabi/lib/thumb/v7e-m+fp/hard\libc_nano.a(libc_a-mprec.o)
                0x000000000800e7c0                __d2b
 .text.__sfputc_r
                0x000000000800e874       0x2e C:/ST/STM32CubeIDE_1.13.1/STM32CubeIDE/plugins/com.st.stm32cube.ide.mcu.externaltools.gnu-tools-for-stm32.11.3.rel1.win32_1.1.0.202305231506/tools/bin/../lib/gcc/arm-none-eabi/11.3.1/../../../../arm-none-eabi/lib/thumb/v7e-m+fp/hard\libc_nano.a(libc_a-nano-vfprintf.o)
 .text.__sfputs_r
                0x000000000800e8a2       0x24 C:/ST/STM32CubeIDE_1.13.1/STM32CubeIDE/plugins/com.st.stm32cube.ide.mcu.externaltools.gnu-tools-for-stm32.11.3.rel1.win32_1.1.0.202305231506/tools/bin/../lib/gcc/arm-none-eabi/11.3.1/../../../../arm-none-eabi/lib/thumb/v7e-m+fp/hard\libc_nano.a(libc_a-nano-vfprintf.o)
                0x000000000800e8a2                __sfputs_r
 *fill*         0x000000000800e8c6        0x2 
 .text._vfprintf_r
                0x000000000800e8c8      0x234 C:/ST/STM32CubeIDE_1.13.1/STM32CubeIDE/plugins/com.st.stm32cube.ide.mcu.externaltools.gnu-tools-for-stm32.11.3.rel1.win32_1.1.0.202305231506/tools/bin/../lib/gcc/arm-none-eabi/11.3.1/../../../../arm-none-eabi/lib/thumb/v7e-m+fp/hard\libc_nano.a(libc_a-nano-vfprintf.o)
                0x000000000800e8c8                _vfprintf_r
                0x000000000800e8c8                _vfiprintf_r
 .text.__sflush_r
                0x000000000800eafc      0x10c C:/ST/STM32CubeIDE_1.13.1/STM32CubeIDE/plugins/com.st.stm32cube.ide.mcu.externaltools.gnu-tools-for-stm32.11.3.rel1.win32_1.1.0.202305231506/tools/bin/../lib/gcc/arm-none-eabi/11.3.1/../../../../arm-none-eabi/lib/thumb/v7e-m+fp/hard\libc_nano.a(libc_a-fflush.o)
                0x000000000800eafc                __sflush_r
 .text._fflush_r
                0x000000000800ec08       0x50 C:/ST/STM32CubeIDE_1.13.1/STM32CubeIDE/plugins/com.st.stm32cube.ide.mcu.externaltools.gnu-tools-for-stm32.11.3.rel1.win32_1.1.0.202305231506/tools/bin/../lib/gcc/arm-none-eabi/11.3.1/../../../../arm-none-eabi/lib/thumb/v7e-m+fp/hard\libc_nano.a(libc_a-fflush.o)
                0x000000000800ec08                _fflush_r
 .text.__swhatbuf_r
                0x000000000800ec58       0x4c C:/ST/STM32CubeIDE_1.13.1/STM32CubeIDE/plugins/com.st.stm32cube.ide.mcu.externaltools.gnu-tools-for-stm32.11.3.rel1.win32_1.1.0.202305231506/tools/bin/../lib/gcc/arm-none-eabi/11.3.1/../../../../arm-none-eabi/lib/thumb/v7e-m+fp/hard\libc_nano.a(libc_a-makebuf.o)
                0x000000000800ec58                __swhatbuf_r
 .text.__smakebuf_r
                0x000000000800eca4       0x78 C:/ST/STM32CubeIDE_1.13.1/STM32CubeIDE/plugins/com.st.stm32cube.ide.mcu.externaltools.gnu-tools-for-stm32.11.3.rel1.win32_1.1.0.202305231506/tools/bin/../lib/gcc/arm-none-eabi/11.3.1/../../../../arm-none-eabi/lib/thumb/v7e-m+fp/hard\libc_nano.a(libc_a-makebuf.o)
                0x000000000800eca4                __smakebuf_r
 .text._fstat_r
                0x000000000800ed1c       0x24 C:/ST/STM32CubeIDE_1.13.1/STM32CubeIDE/plugins/com.st.stm32cube.ide.mcu.externaltools.gnu-tools-for-stm32.11.3.rel1.win32_1.1.0.202305231506/tools/bin/../lib/gcc/arm-none-eabi/11.3.1/../../../../arm-none-eabi/lib/thumb/v7e-m+fp/hard\libc_nano.a(libc_a-fstatr.o)
                0x000000000800ed1c                _fstat_r
 .text._isatty_r
                0x000000000800ed40       0x20 C:/ST/STM32CubeIDE_1.13.1/STM32CubeIDE/plugins/com.st.stm32cube.ide.mcu.externaltools.gnu-tools-for-stm32.11.3.rel1.win32_1.1.0.202305231506/tools/bin/../lib/gcc/arm-none-eabi/11.3.1/../../../../arm-none-eabi/lib/thumb/v7e-m+fp/hard\libc_nano.a(libc_a-isattyr.o)
                0x000000000800ed40                _isatty_r
 .text._sbrk_r  0x000000000800ed60       0x20 C:/ST/STM32CubeIDE_1.13.1/STM32CubeIDE/plugins/com.st.stm32cube.ide.mcu.externaltools.gnu-tools-for-stm32.11.3.rel1.win32_1.1.0.202305231506/tools/bin/../lib/gcc/arm-none-eabi/11.3.1/../../../../arm-none-eabi/lib/thumb/v7e-m+fp/hard\libc_nano.a(libc_a-sbrkr.o)
                0x000000000800ed60                _sbrk_r
 .text.__assert_func
                0x000000000800ed80       0x3c C:/ST/STM32CubeIDE_1.13.1/STM32CubeIDE/plugins/com.st.stm32cube.ide.mcu.externaltools.gnu-tools-for-stm32.11.3.rel1.win32_1.1.0.202305231506/tools/bin/../lib/gcc/arm-none-eabi/11.3.1/../../../../arm-none-eabi/lib/thumb/v7e-m+fp/hard\libc_nano.a(libc_a-assert.o)
                0x000000000800ed80                __assert_func
 .text._calloc_r
                0x000000000800edbc       0x2c C:/ST/STM32CubeIDE_1.13.1/STM32CubeIDE/plugins/com.st.stm32cube.ide.mcu.externaltools.gnu-tools-for-stm32.11.3.rel1.win32_1.1.0.202305231506/tools/bin/../lib/gcc/arm-none-eabi/11.3.1/../../../../arm-none-eabi/lib/thumb/v7e-m+fp/hard\libc_nano.a(libc_a-callocr.o)
                0x000000000800edbc                _calloc_r
 .text.__ascii_mbtowc
                0x000000000800ede8       0x24 C:/ST/STM32CubeIDE_1.13.1/STM32CubeIDE/plugins/com.st.stm32cube.ide.mcu.externaltools.gnu-tools-for-stm32.11.3.rel1.win32_1.1.0.202305231506/tools/bin/../lib/gcc/arm-none-eabi/11.3.1/../../../../arm-none-eabi/lib/thumb/v7e-m+fp/hard\libc_nano.a(libc_a-mbtowc_r.o)
                0x000000000800ede8                __ascii_mbtowc
 .text.__ascii_wctomb
                0x000000000800ee0c       0x1a C:/ST/STM32CubeIDE_1.13.1/STM32CubeIDE/plugins/com.st.stm32cube.ide.mcu.externaltools.gnu-tools-for-stm32.11.3.rel1.win32_1.1.0.202305231506/tools/bin/../lib/gcc/arm-none-eabi/11.3.1/../../../../arm-none-eabi/lib/thumb/v7e-m+fp/hard\libc_nano.a(libc_a-wctomb_r.o)
                0x000000000800ee0c                __ascii_wctomb
 *fill*         0x000000000800ee26        0x2 
 .text.fprintf  0x000000000800ee28       0x24 C:/ST/STM32CubeIDE_1.13.1/STM32CubeIDE/plugins/com.st.stm32cube.ide.mcu.externaltools.gnu-tools-for-stm32.11.3.rel1.win32_1.1.0.202305231506/tools/bin/../lib/gcc/arm-none-eabi/11.3.1/../../../../arm-none-eabi/lib/thumb/v7e-m+fp/hard\libc_nano.a(libc_a-fprintf.o)
                0x000000000800ee28                fiprintf
                0x000000000800ee28                fprintf
 .text.abort    0x000000000800ee4c        0xe C:/ST/STM32CubeIDE_1.13.1/STM32CubeIDE/plugins/com.st.stm32cube.ide.mcu.externaltools.gnu-tools-for-stm32.11.3.rel1.win32_1.1.0.202305231506/tools/bin/../lib/gcc/arm-none-eabi/11.3.1/../../../../arm-none-eabi/lib/thumb/v7e-m+fp/hard\libc_nano.a(libc_a-abort.o)
                0x000000000800ee4c                abort
 .text._raise_r
                0x000000000800ee5a       0x50 C:/ST/STM32CubeIDE_1.13.1/STM32CubeIDE/plugins/com.st.stm32cube.ide.mcu.externaltools.gnu-tools-for-stm32.11.3.rel1.win32_1.1.0.202305231506/tools/bin/../lib/gcc/arm-none-eabi/11.3.1/../../../../arm-none-eabi/lib/thumb/v7e-m+fp/hard\libc_nano.a(libc_a-signal.o)
                0x000000000800ee5a                _raise_r
 *fill*         0x000000000800eeaa        0x2 
 .text.raise    0x000000000800eeac       0x10 C:/ST/STM32CubeIDE_1.13.1/STM32CubeIDE/plugins/com.st.stm32cube.ide.mcu.externaltools.gnu-tools-for-stm32.11.3.rel1.win32_1.1.0.202305231506/tools/bin/../lib/gcc/arm-none-eabi/11.3.1/../../../../arm-none-eabi/lib/thumb/v7e-m+fp/hard\libc_nano.a(libc_a-signal.o)
                0x000000000800eeac                raise
 .text._kill_r  0x000000000800eebc       0x24 C:/ST/STM32CubeIDE_1.13.1/STM32CubeIDE/plugins/com.st.stm32cube.ide.mcu.externaltools.gnu-tools-for-stm32.11.3.rel1.win32_1.1.0.202305231506/tools/bin/../lib/gcc/arm-none-eabi/11.3.1/../../../../arm-none-eabi/lib/thumb/v7e-m+fp/hard\libc_nano.a(libc_a-signalr.o)
                0x000000000800eebc                _kill_r
 .text._getpid_r
                0x000000000800eee0        0x4 C:/ST/STM32CubeIDE_1.13.1/STM32CubeIDE/plugins/com.st.stm32cube.ide.mcu.externaltools.gnu-tools-for-stm32.11.3.rel1.win32_1.1.0.202305231506/tools/bin/../lib/gcc/arm-none-eabi/11.3.1/../../../../arm-none-eabi/lib/thumb/v7e-m+fp/hard\libc_nano.a(libc_a-signalr.o)
                0x000000000800eee0                _getpid_r
 *(.glue_7)
 .glue_7        0x000000000800eee4        0x0 linker stubs
 *(.glue_7t)
 .glue_7t       0x000000000800eee4        0x0 linker stubs
 *(.eh_frame)
 .eh_frame      0x000000000800eee4        0x0 C:/ST/STM32CubeIDE_1.13.1/STM32CubeIDE/plugins/com.st.stm32cube.ide.mcu.externaltools.gnu-tools-for-stm32.11.3.rel1.win32_1.1.0.202305231506/tools/bin/../lib/gcc/arm-none-eabi/11.3.1/thumb/v7e-m+fp/hard/crtbegin.o
 *(.init)
 .init          0x000000000800eee4        0x4 C:/ST/STM32CubeIDE_1.13.1/STM32CubeIDE/plugins/com.st.stm32cube.ide.mcu.externaltools.gnu-tools-for-stm32.11.3.rel1.win32_1.1.0.202305231506/tools/bin/../lib/gcc/arm-none-eabi/11.3.1/thumb/v7e-m+fp/hard/crti.o
                0x000000000800eee4                _init
 .init          0x000000000800eee8        0x8 C:/ST/STM32CubeIDE_1.13.1/STM32CubeIDE/plugins/com.st.stm32cube.ide.mcu.externaltools.gnu-tools-for-stm32.11.3.rel1.win32_1.1.0.202305231506/tools/bin/../lib/gcc/arm-none-eabi/11.3.1/thumb/v7e-m+fp/hard/crtn.o
 *(.fini)
 .fini          0x000000000800eef0        0x4 C:/ST/STM32CubeIDE_1.13.1/STM32CubeIDE/plugins/com.st.stm32cube.ide.mcu.externaltools.gnu-tools-for-stm32.11.3.rel1.win32_1.1.0.202305231506/tools/bin/../lib/gcc/arm-none-eabi/11.3.1/thumb/v7e-m+fp/hard/crti.o
                0x000000000800eef0                _fini
 .fini          0x000000000800eef4        0x8 C:/ST/STM32CubeIDE_1.13.1/STM32CubeIDE/plugins/com.st.stm32cube.ide.mcu.externaltools.gnu-tools-for-stm32.11.3.rel1.win32_1.1.0.202305231506/tools/bin/../lib/gcc/arm-none-eabi/11.3.1/thumb/v7e-m+fp/hard/crtn.o
                0x000000000800eefc                . = ALIGN (0x4)
                0x000000000800eefc                _etext = .

.vfp11_veneer   0x000000000800eefc        0x0
 .vfp11_veneer  0x000000000800eefc        0x0 linker stubs

.v4_bx          0x000000000800eefc        0x0
 .v4_bx         0x000000000800eefc        0x0 linker stubs

.iplt           0x000000000800eefc        0x0
 .iplt          0x000000000800eefc        0x0 C:/ST/STM32CubeIDE_1.13.1/STM32CubeIDE/plugins/com.st.stm32cube.ide.mcu.externaltools.gnu-tools-for-stm32.11.3.rel1.win32_1.1.0.202305231506/tools/bin/../lib/gcc/arm-none-eabi/11.3.1/thumb/v7e-m+fp/hard/crtbegin.o

.rodata         0x000000000800ef00      0x7a4
                0x000000000800ef00                . = ALIGN (0x4)
 *(.rodata)
 .rodata        0x000000000800ef00      0x322 ./Core/Src/freertos.o
 *fill*         0x000000000800f222        0x2 
 .rodata        0x000000000800f224        0x5 ./Middlewares/Third_Party/FreeRTOS/Source/tasks.o
 *fill*         0x000000000800f229        0x3 
 .rodata        0x000000000800f22c        0xd ./Middlewares/Third_Party/FreeRTOS/Source/timers.o
 *(.rodata*)
 *fill*         0x000000000800f239        0x3 
 .rodata.defaultTask_attributes
                0x000000000800f23c       0x24 ./Core/Src/freertos.o
                0x000000000800f23c                defaultTask_attributes
 .rodata.ultrasonics_read_attributes
                0x000000000800f260       0x24 ./Core/Src/freertos.o
                0x000000000800f260                ultrasonics_read_attributes
 .rodata.car_next_step_attributes
                0x000000000800f284       0x24 ./Core/Src/freertos.o
                0x000000000800f284                car_next_step_attributes
 .rodata.Automatic_Parking_attributes
                0x000000000800f2a8       0x24 ./Core/Src/freertos.o
                0x000000000800f2a8                Automatic_Parking_attributes
 .rodata.Car_Conrol_Mode_attributes
                0x000000000800f2cc       0x10 ./Core/Src/freertos.o
                0x000000000800f2cc                Car_Conrol_Mode_attributes
 .rodata.Car_mode_attributes
                0x000000000800f2dc       0x10 ./Core/Src/freertos.o
                0x000000000800f2dc                Car_mode_attributes
 .rodata.Parking_side_attributes
                0x000000000800f2ec       0x10 ./Core/Src/freertos.o
                0x000000000800f2ec                Parking_side_attributes
 .rodata.AHBPrescTable
                0x000000000800f2fc       0x10 ./Core/Src/system_stm32f3xx.o
                0x000000000800f2fc                AHBPrescTable